Archive member included to satisfy reference by file (symbol)

../StdPeriphDriver\libISP583.a(ISP583.o)
                              ./src/Main.o (FLASH_EEPROM_CMD)
c:/mounriver/mounriver_studio/toolchain/risc-v embedded gcc/bin/../lib/gcc/riscv-none-embed/8.2.0/../../../../riscv-none-embed/lib/rv32imac/ilp32\libprintfloat.a(printfloat.o)
                              ./src/utils/log.o (printf)
c:/mounriver/mounriver_studio/toolchain/risc-v embedded gcc/bin/../lib/gcc/riscv-none-embed/8.2.0/../../../../riscv-none-embed/lib/rv32imac/ilp32\libprintf.a(wchprintf.o)
                              ./src/Main.o (puts)
c:/mounriver/mounriver_studio/toolchain/risc-v embedded gcc/bin/../lib/gcc/riscv-none-embed/8.2.0/rv32imac/ilp32\libgcc.a(_udivdi3.o)
                              ./src/Main.o (__udivdi3)
c:/mounriver/mounriver_studio/toolchain/risc-v embedded gcc/bin/../lib/gcc/riscv-none-embed/8.2.0/rv32imac/ilp32\libgcc.a(_umoddi3.o)
                              c:/mounriver/mounriver_studio/toolchain/risc-v embedded gcc/bin/../lib/gcc/riscv-none-embed/8.2.0/../../../../riscv-none-embed/lib/rv32imac/ilp32\libprintfloat.a(printfloat.o) (__umoddi3)
c:/mounriver/mounriver_studio/toolchain/risc-v embedded gcc/bin/../lib/gcc/riscv-none-embed/8.2.0/rv32imac/ilp32\libgcc.a(divdf3.o)
                              ./src/sht35.o (__divdf3)
c:/mounriver/mounriver_studio/toolchain/risc-v embedded gcc/bin/../lib/gcc/riscv-none-embed/8.2.0/rv32imac/ilp32\libgcc.a(muldf3.o)
                              ./src/sht35.o (__muldf3)
c:/mounriver/mounriver_studio/toolchain/risc-v embedded gcc/bin/../lib/gcc/riscv-none-embed/8.2.0/rv32imac/ilp32\libgcc.a(subdf3.o)
                              ./src/sht35.o (__subdf3)
c:/mounriver/mounriver_studio/toolchain/risc-v embedded gcc/bin/../lib/gcc/riscv-none-embed/8.2.0/rv32imac/ilp32\libgcc.a(fixdfsi.o)
                              ./src/sht35.o (__fixdfsi)
c:/mounriver/mounriver_studio/toolchain/risc-v embedded gcc/bin/../lib/gcc/riscv-none-embed/8.2.0/rv32imac/ilp32\libgcc.a(floatsidf.o)
                              ./src/sht35.o (__floatsidf)
c:/mounriver/mounriver_studio/toolchain/risc-v embedded gcc/bin/../lib/gcc/riscv-none-embed/8.2.0/rv32imac/ilp32\libgcc.a(fixdfdi.o)
                              c:/mounriver/mounriver_studio/toolchain/risc-v embedded gcc/bin/../lib/gcc/riscv-none-embed/8.2.0/../../../../riscv-none-embed/lib/rv32imac/ilp32\libprintfloat.a(printfloat.o) (__fixdfdi)
c:/mounriver/mounriver_studio/toolchain/risc-v embedded gcc/bin/../lib/gcc/riscv-none-embed/8.2.0/rv32imac/ilp32\libgcc.a(floatdidf.o)
                              c:/mounriver/mounriver_studio/toolchain/risc-v embedded gcc/bin/../lib/gcc/riscv-none-embed/8.2.0/../../../../riscv-none-embed/lib/rv32imac/ilp32\libprintfloat.a(printfloat.o) (__floatdidf)
c:/mounriver/mounriver_studio/toolchain/risc-v embedded gcc/bin/../lib/gcc/riscv-none-embed/8.2.0/rv32imac/ilp32\libgcc.a(extendsfdf2.o)
                              ./src/oled.o (__extendsfdf2)
c:/mounriver/mounriver_studio/toolchain/risc-v embedded gcc/bin/../lib/gcc/riscv-none-embed/8.2.0/rv32imac/ilp32\libgcc.a(truncdfsf2.o)
                              ./src/sht35.o (__truncdfsf2)
c:/mounriver/mounriver_studio/toolchain/risc-v embedded gcc/bin/../lib/gcc/riscv-none-embed/8.2.0/rv32imac/ilp32\libgcc.a(_clz.o)
                              c:/mounriver/mounriver_studio/toolchain/risc-v embedded gcc/bin/../lib/gcc/riscv-none-embed/8.2.0/rv32imac/ilp32\libgcc.a(_udivdi3.o) (__clz_tab)
c:/mounriver/mounriver_studio/toolchain/risc-v embedded gcc/bin/../lib/gcc/riscv-none-embed/8.2.0/rv32imac/ilp32\libgcc.a(_clzsi2.o)
                              c:/mounriver/mounriver_studio/toolchain/risc-v embedded gcc/bin/../lib/gcc/riscv-none-embed/8.2.0/rv32imac/ilp32\libgcc.a(divdf3.o) (__clzsi2)
c:/mounriver/mounriver_studio/toolchain/risc-v embedded gcc/bin/../lib/gcc/riscv-none-embed/8.2.0/../../../../riscv-none-embed/lib/rv32imac/ilp32\libg_nano.a(lib_a-locale.o)
                              ./src/utils/log.o (__locale_ctype_ptr)
c:/mounriver/mounriver_studio/toolchain/risc-v embedded gcc/bin/../lib/gcc/riscv-none-embed/8.2.0/../../../../riscv-none-embed/lib/rv32imac/ilp32\libg_nano.a(lib_a-mbtowc_r.o)
                              c:/mounriver/mounriver_studio/toolchain/risc-v embedded gcc/bin/../lib/gcc/riscv-none-embed/8.2.0/../../../../riscv-none-embed/lib/rv32imac/ilp32\libg_nano.a(lib_a-locale.o) (__ascii_mbtowc)
c:/mounriver/mounriver_studio/toolchain/risc-v embedded gcc/bin/../lib/gcc/riscv-none-embed/8.2.0/../../../../riscv-none-embed/lib/rv32imac/ilp32\libg_nano.a(lib_a-memcmp.o)
                              ./src/configtool.o (memcmp)
c:/mounriver/mounriver_studio/toolchain/risc-v embedded gcc/bin/../lib/gcc/riscv-none-embed/8.2.0/../../../../riscv-none-embed/lib/rv32imac/ilp32\libg_nano.a(lib_a-memcpy.o)
                              ./src/utils/md5.o (memcpy)
[...]
Memory Configuration

Name             Origin             Length             Attributes
FLASH            0x0000000000000000 0x0000000000070000 xr
RAM              0x0000000020000000 0x0000000000008000 xrw
*default*        0x0000000000000000 0xffffffffffffffff

Linker script and memory map

LOAD ./src/utils/crc.o
LOAD ./src/utils/crc16.o
LOAD ./src/utils/log.o
LOAD ./src/utils/md5.o
LOAD ./src/modbus/coils.o
LOAD ./src/modbus/discrete_input.o
LOAD ./src/modbus/iregs.o
LOAD ./src/modbus/regs.o
LOAD ./src/Main.o
LOAD ./src/appinfo.o
LOAD ./src/configtool.o
LOAD ./src/display.o
LOAD ./src/liblightmodbus-impl.o
LOAD ./src/modbus.o
LOAD ./src/oled.o
LOAD ./src/sensor.o
LOAD ./src/sht35.o
LOAD ./src/storage.o
LOAD ./src/uid.o
LOAD ./src/version.o
LOAD ./src/worktime.o
LOAD ./StdPeriphDriver/CH58x_clk.o
LOAD ./StdPeriphDriver/CH58x_flash.o
LOAD ./StdPeriphDriver/CH58x_gpio.o
LOAD ./StdPeriphDriver/CH58x_i2c.o
LOAD ./StdPeriphDriver/CH58x_pwr.o
LOAD ./StdPeriphDriver/CH58x_spi1.o
LOAD ./StdPeriphDriver/CH58x_sys.o
LOAD ./StdPeriphDriver/CH58x_timer0.o
LOAD ./StdPeriphDriver/CH58x_timer1.o
LOAD ./StdPeriphDriver/CH58x_timer2.o
LOAD ./StdPeriphDriver/CH58x_timer3.o
LOAD ./StdPeriphDriver/CH58x_uart0.o
LOAD ./StdPeriphDriver/CH58x_uart1.o
LOAD ./StdPeriphDriver/CH58x_uart2.o
LOAD ./StdPeriphDriver/CH58x_uart3.o
LOAD ./StdPeriphDriver/CH58x_usb2dev.o
LOAD ./StdPeriphDriver/CH58x_usb2hostBase.o
LOAD ./StdPeriphDriver/CH58x_usb2hostClass.o
LOAD ./Startup/startup_CH583.o
LOAD ./RVMSIS/core_riscv.o
LOAD ../StdPeriphDriver\libISP583.a
LOAD c:/mounriver/mounriver_studio/toolchain/risc-v embedded gcc/bin/../lib/gcc/riscv-none-embed/8.2.0/../../../../riscv-none-embed/lib/rv32imac/ilp32\libprintfloat.a
LOAD c:/mounriver/mounriver_studio/toolchain/risc-v embedded gcc/bin/../lib/gcc/riscv-none-embed/8.2.0/../../../../riscv-none-embed/lib/rv32imac/ilp32\libprintf.a
LOAD c:/mounriver/mounriver_studio/toolchain/risc-v embedded gcc/bin/../lib/gcc/riscv-none-embed/8.2.0/rv32imac/ilp32\libgcc.a
LOAD c:/mounriver/mounriver_studio/toolchain/risc-v embedded gcc/bin/../lib/gcc/riscv-none-embed/8.2.0/../../../../riscv-none-embed/lib/rv32imac/ilp32\libg_nano.a
LOAD c:/mounriver/mounriver_studio/toolchain/risc-v embedded gcc/bin/../lib/gcc/riscv-none-embed/8.2.0/../../../../riscv-none-embed/lib/rv32imac/ilp32\libc_nano.a
LOAD c:/mounriver/mounriver_studio/toolchain/risc-v embedded gcc/bin/../lib/gcc/riscv-none-embed/8.2.0/rv32imac/ilp32\libgcc.a
START GROUP
LOAD c:/mounriver/mounriver_studio/toolchain/risc-v embedded gcc/bin/../lib/gcc/riscv-none-embed/8.2.0/rv32imac/ilp32\libgcc.a
LOAD c:/mounriver/mounriver_studio/toolchain/risc-v embedded gcc/bin/../lib/gcc/riscv-none-embed/8.2.0/../../../../riscv-none-embed/lib/rv32imac/ilp32\libc_nano.a
LOAD c:/mounriver/mounriver_studio/toolchain/risc-v embedded gcc/bin/../lib/gcc/riscv-none-embed/8.2.0/../../../../riscv-none-embed/lib/rv32imac/ilp32\libnosys.a
END GROUP
START GROUP
LOAD c:/mounriver/mounriver_studio/toolchain/risc-v embedded gcc/bin/../lib/gcc/riscv-none-embed/8.2.0/rv32imac/ilp32\libgcc.a
LOAD c:/mounriver/mounriver_studio/toolchain/risc-v embedded gcc/bin/../lib/gcc/riscv-none-embed/8.2.0/../../../../riscv-none-embed/lib/rv32imac/ilp32\libc_nano.a
LOAD c:/mounriver/mounriver_studio/toolchain/risc-v embedded gcc/bin/../lib/gcc/riscv-none-embed/8.2.0/../../../../riscv-none-embed/lib/rv32imac/ilp32\libnosys.a
END GROUP

.init           0x0000000000000000        0x4
                0x0000000000000000                _sinit = .
                0x0000000000000000                . = ALIGN (0x4)
 *(SORT_NONE(.init))
 .init          0x0000000000000000        0x4 ./Startup/startup_CH583.o
                0x0000000000000000                _start
                0x0000000000000004                . = ALIGN (0x4)
                0x0000000000000004                _einit = .

.highcodelalign
                0x0000000000000004        0x0
                0x0000000000000004                . = ALIGN (0x4)
                0x0000000000000004                PROVIDE (_highcode_lma = .)

.highcode       0x0000000020000000      0x848 load address 0x0000000000000004
                0x0000000020000000                . = ALIGN (0x4)
                0x0000000020000000                PROVIDE (_highcode_vma_start = .)
 *(.vector)
 .vector        0x0000000020000000       0x90 ./Startup/startup_CH583.o
 *(SORT_NONE(.vector_handler))
 .vector_handler
                0x0000000020000090       0x36 ./Startup/startup_CH583.o
                0x0000000020000090                NMI_Handler
                0x0000000020000094                Ecall_M_Mode_Handler
                0x0000000020000096                Ecall_U_Mode_Handler
                0x0000000020000098                Break_Point_Handler
                0x000000002000009c                SW_Handler
                0x00000000200000a0                GPIOA_IRQHandler
                0x00000000200000a2                GPIOB_IRQHandler
                0x00000000200000a4                SPI0_IRQHandler
                0x00000000200000a6                BB_IRQHandler
                0x00000000200000a8                LLE_IRQHandler
                0x00000000200000aa                USB_IRQHandler
                0x00000000200000ac                USB2_IRQHandler
                0x00000000200000ae                TMR1_IRQHandler
                0x00000000200000b2                UART0_IRQHandler
                0x00000000200000b4                UART1_IRQHandler
                0x00000000200000b6                RTC_IRQHandler
                0x00000000200000b8                ADC_IRQHandler
                0x00000000200000ba                I2C_IRQHandler
                0x00000000200000bc                PWMX_IRQHandler
                0x00000000200000be                TMR3_IRQHandler
                0x00000000200000c0                UART2_IRQHandler
                0x00000000200000c4                WDOG_BAT_IRQHandler
 *(.highcode)
 .highcode      0x00000000200000c6      0x10a ./src/modbus.o
                0x00000000200000c6                TMR0_IRQHandler
                0x0000000020000168                UART3_IRQHandler
 .highcode      0x00000000200001d0       0x28 ./src/sht35.o
                0x00000000200001d0                TMR2_IRQHandler
 .highcode      0x00000000200001f8       0x22 ./src/worktime.o
                0x00000000200001f8                SysTick_Handler
 .highcode      0x000000002000021a      0x206 ./StdPeriphDriver/CH58x_sys.o
                0x000000002000021a                SetSysClock
                0x0000000020000374                SYS_ResetExecute
                0x00000000200003b0                HardFault_Handler
                0x00000000200003ea                mDelayuS
                0x00000000200003f8                mDelaymS
 .highcode      0x0000000020000420      0x426 ../StdPeriphDriver\libISP583.a(ISP583.o)
                0x0000000020000420                FLASH_ROM_BEG
                0x0000000020000432                FLASH_ROM_END
                0x0000000020000440                FLASH_ROM_IN
                0x000000002000044e                FLASH_ROM_OUT
                0x000000002000045c                FLASH_ROM_ADDR
                0x00000000200004a4                FLASH_ROM_WAIT
                0x00000000200004dc                FLASH_EEPROM_CMD
 *(.highcode.*)
                0x0000000020000848                . = ALIGN (0x4)
 *fill*         0x0000000020000846        0x2 
                0x0000000020000848                PROVIDE (_highcode_vma_end = .)

.text           0x0000000000000850     0xe72c
                0x0000000000000850                . = ALIGN (0x4)
 *(SORT_NONE(.handle_reset))
 .handle_reset  0x0000000000000850       0xaa ./Startup/startup_CH583.o
                0x0000000000000850                handle_reset
 *(.text)
 .text          0x00000000000008fa       0xa8 c:/mounriver/mounriver_studio/toolchain/risc-v embedded gcc/bin/../lib/gcc/riscv-none-embed/8.2.0/../../../../riscv-none-embed/lib/rv32imac/ilp32\libg_nano.a(lib_a-memset.o)
                0x00000000000008fa                memset
 *(.text.*)
 .text.reflected_data
                0x00000000000009a2       0xbc ./src/utils/crc.o
                0x00000000000009a2                reflected_data
 .text.check_crc4
                0x0000000000000a5e       0x98 ./src/utils/crc.o
                0x0000000000000a5e                check_crc4
 .text.check_crc5
                0x0000000000000af6       0x98 ./src/utils/crc.o
                0x0000000000000af6                check_crc5
 .text.check_crc6
                0x0000000000000b8e       0x98 ./src/utils/crc.o
                0x0000000000000b8e                check_crc6
 .text.check_crc7
                0x0000000000000c26       0x98 ./src/utils/crc.o
                0x0000000000000c26                check_crc7
 .text.check_crc8
                0x0000000000000cbe       0x76 ./src/utils/crc.o
                0x0000000000000cbe                check_crc8
 .text.check_crc16
                0x0000000000000d34       0x7c ./src/utils/crc.o
                0x0000000000000d34                check_crc16
 .text.check_crc32
                0x0000000000000db0       0x6e ./src/utils/crc.o
                0x0000000000000db0                check_crc32
 .text.crc_check
                0x0000000000000e1e       0xe6 ./src/utils/crc.o
                0x0000000000000e1e                crc_check
 .text.log_buffer_hex
                0x0000000000000f04       0xd6 ./src/utils/log.o
                0x0000000000000f04                log_buffer_hex
 .text.modbus_coil_callback
                0x0000000000000fda       0x62 ./src/modbus/coils.o
                0x0000000000000fda                modbus_coil_callback
 .text.modbus_di_callback
                0x000000000000103c       0x7c ./src/modbus/discrete_input.o
                0x000000000000103c                modbus_di_callback
 .text.modbus_ireg_update
                0x00000000000010b8       0x16 ./src/modbus/iregs.o
                0x00000000000010b8                modbus_ireg_update
 .text.modbus_ireg_callback
                0x00000000000010ce       0x4e ./src/modbus/iregs.o
                0x00000000000010ce                modbus_ireg_callback
 .text.modbus_iregs_init
                0x000000000000111c        0x6 ./src/modbus/iregs.o
                0x000000000000111c                modbus_iregs_init
 .text.modbus_reg_update
                0x0000000000001122       0x38 ./src/modbus/regs.o
                0x0000000000001122                modbus_reg_update
 .text.modbus_reg_get
                0x000000000000115a       0x42 ./src/modbus/regs.o
                0x000000000000115a                modbus_reg_get
 .text.modbus_reg_callback
                0x000000000000119c      0x154 ./src/modbus/regs.o
                0x000000000000119c                modbus_reg_callback
 .text.modbus_reg_update_uid
                0x00000000000012f0       0x24 ./src/modbus/regs.o
                0x00000000000012f0                modbus_reg_update_uid
 .text.modbus_regs_init
                0x0000000000001314       0x40 ./src/modbus/regs.o
                0x0000000000001314                modbus_regs_init
 .text.uuid_dump
                0x0000000000001354       0x68 ./src/Main.o
                0x0000000000001354                uuid_dump
 .text.reset_dump
                0x00000000000013bc       0xa6 ./src/Main.o
                0x00000000000013bc                reset_dump
 .text.startup.main
                0x0000000000001462       0xe6 ./src/Main.o
                0x0000000000001462                main
 .text.appinfo_get
                0x0000000000001548        0x6 ./src/appinfo.o
                0x0000000000001548                appinfo_get
 .text.cfg_save_item
                0x000000000000154e       0xd0 ./src/configtool.o
 .text.cfg_get_mb_uart
                0x000000000000161e       0x42 ./src/configtool.o
                0x000000000000161e                cfg_get_mb_uart
 .text.cfg_update_mb_uart
                0x0000000000001660       0x64 ./src/configtool.o
                0x0000000000001660                cfg_update_mb_uart
 .text.cfg_get_mb_addr
                0x00000000000016c4       0x40 ./src/configtool.o
                0x00000000000016c4                cfg_get_mb_addr
 .text.cfg_init
                0x0000000000001704       0xe6 ./src/configtool.o
                0x0000000000001704                cfg_init
 .text.display_init
                0x00000000000017ea       0x20 ./src/display.o
                0x00000000000017ea                display_init
 .text.modbusBufferInit
                0x000000000000180a       0x12 ./src/liblightmodbus-impl.o
                0x000000000000180a                modbusBufferInit
 .text.modbusBufferAllocateADU
                0x000000000000181c       0x50 ./src/liblightmodbus-impl.o
                0x000000000000181c                modbusBufferAllocateADU
 .text.modbusBufferFree
                0x000000000000186c        0x6 ./src/liblightmodbus-impl.o
                0x000000000000186c                modbusBufferFree
 .text.modbusSlaveAllocateResponse
                0x0000000000001872        0x6 ./src/liblightmodbus-impl.o
 .text.modbusCRC
                0x0000000000001878       0x40 ./src/liblightmodbus-impl.o
                0x0000000000001878                modbusCRC
 .text.modbusSlaveInit
                0x00000000000018b8       0x14 ./src/liblightmodbus-impl.o
                0x00000000000018b8                modbusSlaveInit
 .text.modbusSlaveDestroy
                0x00000000000018cc        0x6 ./src/liblightmodbus-impl.o
                0x00000000000018cc                modbusSlaveDestroy
 .text.modbusBuildException
                0x00000000000018d2       0x44 ./src/liblightmodbus-impl.o
                0x00000000000018d2                modbusBuildException
 .text.modbusParseRequest01020304
                0x0000000000001916      0x1cc ./src/liblightmodbus-impl.o
                0x0000000000001916                modbusParseRequest01020304
 .text.modbusParseRequest0506
                0x0000000000001ae2      0x11a ./src/liblightmodbus-impl.o
                0x0000000000001ae2                modbusParseRequest0506
 .text.modbusParseRequest1516
                0x0000000000001bfc      0x1d0 ./src/liblightmodbus-impl.o
                0x0000000000001bfc                modbusParseRequest1516
 .text.modbusParseRequest22
                0x0000000000001dcc      0x15e ./src/liblightmodbus-impl.o
                0x0000000000001dcc                modbusParseRequest22
 .text.modbusParseRequest
                0x0000000000001f2a       0x38 ./src/liblightmodbus-impl.o
                0x0000000000001f2a                modbusParseRequest
 .text.modbusParseRequestRTU
                0x0000000000001f62       0xf0 ./src/liblightmodbus-impl.o
                0x0000000000001f62                modbusParseRequestRTU
 .text.modbusErrorStr
                0x0000000000002052       0x20 ./src/liblightmodbus-impl.o
                0x0000000000002052                modbusErrorStr
 .text.modbus_slave_allocator
                0x0000000000002072       0x22 ./src/modbus.o
 .text.register_callback
                0x0000000000002094       0x38 ./src/modbus.o
                0x0000000000002094                register_callback
 .text.modbus_t05_cnt
                0x00000000000020cc       0x42 ./src/modbus.o
 .text.slave_recv
                0x000000000000210e       0xa6 ./src/modbus.o
                0x000000000000210e                slave_recv
 .text.modbus_slave_uart_init
                0x00000000000021b4       0x56 ./src/modbus.o
                0x00000000000021b4                modbus_slave_uart_init
 .text.modbus_slave_uart_send
                0x000000000000220a       0x3a ./src/modbus.o
                0x000000000000220a                modbus_slave_uart_send
 .text.modbus_slave_init
                0x0000000000002244       0xd0 ./src/modbus.o
                0x0000000000002244                modbus_slave_init
 .text.modbus_sa_ctrl
                0x0000000000002314       0x26 ./src/modbus.o
                0x0000000000002314                modbus_sa_ctrl
 .text.modbus_init
                0x000000000000233a       0x5e ./src/modbus.o
                0x000000000000233a                modbus_init
 .text.modbus_frame_check
                0x0000000000002398       0xea ./src/modbus.o
                0x0000000000002398                modbus_frame_check
 .text.modbus_run
                0x0000000000002482       0x36 ./src/modbus.o
                0x0000000000002482                modbus_run
 .text.OLED_WR_Byte
                0x00000000000024b8       0x84 ./src/oled.o
                0x00000000000024b8                OLED_WR_Byte
 .text.OLED_DisPlay_On
                0x000000000000253c       0x1e ./src/oled.o
                0x000000000000253c                OLED_DisPlay_On
 .text.OLED_Refresh
                0x000000000000255a       0x74 ./src/oled.o
                0x000000000000255a                OLED_Refresh
 .text.OLED_Clear
                0x00000000000025ce       0x30 ./src/oled.o
                0x00000000000025ce                OLED_Clear
 .text.OLED_DrawPoint
                0x00000000000025fe       0x4a ./src/oled.o
                0x00000000000025fe                OLED_DrawPoint
 .text.OLED_ShowChar
                0x0000000000002648      0x14c ./src/oled.o
                0x0000000000002648                OLED_ShowChar
 .text.OLED_ShowString
                0x0000000000002794       0x8e ./src/oled.o
                0x0000000000002794                OLED_ShowString
 .text.OLED_ShowFNum
                0x0000000000002822       0x4a ./src/oled.o
                0x0000000000002822                OLED_ShowFNum
 .text.OLED_ShowChinese
                0x000000000000286c      0x13a ./src/oled.o
                0x000000000000286c                OLED_ShowChinese
 .text.OLED_io_init
                0x00000000000029a6       0x64 ./src/oled.o
                0x00000000000029a6                OLED_io_init
 .text.OLED_Init
                0x0000000000002a0a      0x156 ./src/oled.o
                0x0000000000002a0a                OLED_Init
 .text.oled_seneor_flag
                0x0000000000002b60       0x96 ./src/oled.o
                0x0000000000002b60                oled_seneor_flag
 .text.mb_reg_after_write
                0x0000000000002bf6       0xbc ./src/sensor.o
 .text.mb_init  0x0000000000002cb2       0x76 ./src/sensor.o
                0x0000000000002cb2                mb_init
 .text.sensor_init
                0x0000000000002d28       0x26 ./src/sensor.o
                0x0000000000002d28                sensor_init
 .text.sensor_run
                0x0000000000002d4e       0x4e ./src/sensor.o
                0x0000000000002d4e                sensor_run
 .text.sht35_timer_start
                0x0000000000002d9c       0x2a ./src/sht35.o
 .text.timeout_flag_function
                0x0000000000002dc6       0x54 ./src/sht35.o
 .text.sht35_init
                0x0000000000002e1a       0x5e ./src/sht35.o
                0x0000000000002e1a                sht35_init
 .text.sht35_read
                0x0000000000002e78      0x17c ./src/sht35.o
                0x0000000000002e78                sht35_read
 .text.SHT3X_CRC
                0x0000000000002ff4       0x46 ./src/sht35.o
                0x0000000000002ff4                SHT3X_CRC
 .text.sht35_read_temphumi
                0x000000000000303a      0x128 ./src/sht35.o
                0x000000000000303a                sht35_read_temphumi
 .text.read_display_data
                0x0000000000003162       0xb0 ./src/sht35.o
                0x0000000000003162                read_display_data
 .text.st_page_status_str
                0x0000000000003212       0x4e ./src/storage.o
 .text.st_item_verify
                0x0000000000003260       0x3a ./src/storage.o
 .text.st_page_read
                0x000000000000329a       0x72 ./src/storage.o
 .text.st_page_erase
                0x000000000000330c       0x96 ./src/storage.o
 .text.st_page_status_update.constprop.12
                0x00000000000033a2       0xda ./src/storage.o
 .text.st_page_get_freesize.constprop.13
                0x000000000000347c       0x4a ./src/storage.o
 .text.st_first_page.constprop.11
                0x00000000000034c6       0x3c ./src/storage.o
 .text.st_page_write
                0x0000000000003502       0x88 ./src/storage.o
 .text.st_page_write_item.constprop.10
                0x000000000000358a      0x14e ./src/storage.o
 .text.st_delete_item_with_loc
                0x00000000000036d8      0x180 ./src/storage.o
                0x00000000000036d8                st_delete_item_with_loc
 .text.st_find_item
                0x0000000000003858      0x274 ./src/storage.o
 .text.st_init  0x0000000000003acc      0x37e ./src/storage.o
                0x0000000000003acc                st_init
 .text.st_write_item
                0x0000000000003e4a      0x434 ./src/storage.o
                0x0000000000003e4a                st_write_item
 .text.st_read_item
                0x000000000000427e       0x82 ./src/storage.o
                0x000000000000427e                st_read_item
 .text.get_uid  0x0000000000004300       0x32 ./src/uid.o
                0x0000000000004300                get_uid
 .text.worktime_init
                0x0000000000004332       0x3a ./src/worktime.o
                0x0000000000004332                worktime_init
 .text.worktime_get
                0x000000000000436c        0xa ./src/worktime.o
                0x000000000000436c                worktime_get
 .text.worktime_since
                0x0000000000004376       0x18 ./src/worktime.o
                0x0000000000004376                worktime_since
 .text.GPIOA_ModeCfg
                0x000000000000438e       0xa6 ./StdPeriphDriver/CH58x_gpio.o
                0x000000000000438e                GPIOA_ModeCfg
 .text.GPIOB_ModeCfg
                0x0000000000004434       0xa6 ./StdPeriphDriver/CH58x_gpio.o
                0x0000000000004434                GPIOB_ModeCfg
 .text.I2C_Init
                0x00000000000044da      0x140 ./StdPeriphDriver/CH58x_i2c.o
                0x00000000000044da                I2C_Init
 .text.I2C_GenerateSTART
                0x000000000000461a       0x22 ./StdPeriphDriver/CH58x_i2c.o
                0x000000000000461a                I2C_GenerateSTART
 .text.I2C_GenerateSTOP
                0x000000000000463c       0x22 ./StdPeriphDriver/CH58x_i2c.o
                0x000000000000463c                I2C_GenerateSTOP
 .text.I2C_AcknowledgeConfig
                0x000000000000465e       0x22 ./StdPeriphDriver/CH58x_i2c.o
                0x000000000000465e                I2C_AcknowledgeConfig
 .text.I2C_SendData
                0x0000000000004680        0xa ./StdPeriphDriver/CH58x_i2c.o
                0x0000000000004680                I2C_SendData
 .text.I2C_ReceiveData
                0x000000000000468a        0xe ./StdPeriphDriver/CH58x_i2c.o
                0x000000000000468a                I2C_ReceiveData
 .text.I2C_Send7bitAddress
                0x0000000000004698       0x18 ./StdPeriphDriver/CH58x_i2c.o
                0x0000000000004698                I2C_Send7bitAddress
 .text.I2C_SoftwareResetCmd
                0x00000000000046b0       0x1a ./StdPeriphDriver/CH58x_i2c.o
                0x00000000000046b0                I2C_SoftwareResetCmd
 .text.I2C_CheckEvent
                0x00000000000046ca       0x20 ./StdPeriphDriver/CH58x_i2c.o
                0x00000000000046ca                I2C_CheckEvent
 .text.I2C_GetFlagStatus
                0x00000000000046ea       0x3a ./StdPeriphDriver/CH58x_i2c.o
                0x00000000000046ea                I2C_GetFlagStatus
 .text.GetSysClock
                0x0000000000004724       0x42 ./StdPeriphDriver/CH58x_sys.o
                0x0000000000004724                GetSysClock
 .text._write   0x0000000000004766       0x28 ./StdPeriphDriver/CH58x_sys.o
                0x0000000000004766                _write
 .text.TMR0_TimerInit
                0x000000000000478e       0x14 ./StdPeriphDriver/CH58x_timer0.o
                0x000000000000478e                TMR0_TimerInit
 .text.TMR2_TimerInit
                0x00000000000047a2       0x16 ./StdPeriphDriver/CH58x_timer2.o
                0x00000000000047a2                TMR2_TimerInit
 .text.UART1_BaudRateCfg
                0x00000000000047b8       0x30 ./StdPeriphDriver/CH58x_uart1.o
                0x00000000000047b8                UART1_BaudRateCfg
 .text.UART1_DefInit
                0x00000000000047e8       0x32 ./StdPeriphDriver/CH58x_uart1.o
                0x00000000000047e8                UART1_DefInit
 .text.UART3_BaudRateCfg
                0x000000000000481a       0x30 ./StdPeriphDriver/CH58x_uart3.o
                0x000000000000481a                UART3_BaudRateCfg
 .text.UART3_DefInit
                0x000000000000484a       0x32 ./StdPeriphDriver/CH58x_uart3.o
                0x000000000000484a                UART3_DefInit
 .text.UART3_ByteTrigCfg
                0x000000000000487c       0x1a ./StdPeriphDriver/CH58x_uart3.o
                0x000000000000487c                UART3_ByteTrigCfg
 .text.UART3_INTCfg
                0x0000000000004896       0x2a ./StdPeriphDriver/CH58x_uart3.o
                0x0000000000004896                UART3_INTCfg
 .text.UART3_SendString
                0x00000000000048c0       0x28 ./StdPeriphDriver/CH58x_uart3.o
                0x00000000000048c0                UART3_SendString
 .text.printchar
                0x00000000000048e8       0x4c c:/mounriver/mounriver_studio/toolchain/risc-v embedded gcc/bin/../lib/gcc/riscv-none-embed/8.2.0/../../../../riscv-none-embed/lib/rv32imac/ilp32\libprintfloat.a(printfloat.o)
                0x00000000000048e8                printchar
 .text.prints   0x0000000000004934       0xd8 c:/mounriver/mounriver_studio/toolchain/risc-v embedded gcc/bin/../lib/gcc/riscv-none-embed/8.2.0/../../../../riscv-none-embed/lib/rv32imac/ilp32\libprintfloat.a(printfloat.o)
                0x0000000000004934                prints
 .text.printInt
                0x0000000000004a0c       0xf2 c:/mounriver/mounriver_studio/toolchain/risc-v embedded gcc/bin/../lib/gcc/riscv-none-embed/8.2.0/../../../../riscv-none-embed/lib/rv32imac/ilp32\libprintfloat.a(printfloat.o)
                0x0000000000004a0c                printInt
 .text.printLongLongInt
                0x0000000000004afe      0x10a c:/mounriver/mounriver_studio/toolchain/risc-v embedded gcc/bin/../lib/gcc/riscv-none-embed/8.2.0/../../../../riscv-none-embed/lib/rv32imac/ilp32\libprintfloat.a(printfloat.o)
                0x0000000000004afe                printLongLongInt
 .text.printDouble
                0x0000000000004c08       0xee c:/mounriver/mounriver_studio/toolchain/risc-v embedded gcc/bin/../lib/gcc/riscv-none-embed/8.2.0/../../../../riscv-none-embed/lib/rv32imac/ilp32\libprintfloat.a(printfloat.o)
                0x0000000000004c08                printDouble
 .text.print    0x0000000000004cf6      0x340 c:/mounriver/mounriver_studio/toolchain/risc-v embedded gcc/bin/../lib/gcc/riscv-none-embed/8.2.0/../../../../riscv-none-embed/lib/rv32imac/ilp32\libprintfloat.a(printfloat.o)
                0x0000000000004cf6                print
 .text.printf   0x0000000000005036       0x24 c:/mounriver/mounriver_studio/toolchain/risc-v embedded gcc/bin/../lib/gcc/riscv-none-embed/8.2.0/../../../../riscv-none-embed/lib/rv32imac/ilp32\libprintfloat.a(printfloat.o)
                0x0000000000005036                printf
 .text.puts     0x000000000000505a       0x54 c:/mounriver/mounriver_studio/toolchain/risc-v embedded gcc/bin/../lib/gcc/riscv-none-embed/8.2.0/../../../../riscv-none-embed/lib/rv32imac/ilp32\libprintf.a(wchprintf.o)
                0x000000000000505a                puts
 .text.__udivdi3
                0x00000000000050ae      0x398 c:/mounriver/mounriver_studio/toolchain/risc-v embedded gcc/bin/../lib/gcc/riscv-none-embed/8.2.0/rv32imac/ilp32\libgcc.a(_udivdi3.o)
                0x00000000000050ae                __udivdi3
 .text.__umoddi3
                0x0000000000005446      0x38e c:/mounriver/mounriver_studio/toolchain/risc-v embedded gcc/bin/../lib/gcc/riscv-none-embed/8.2.0/rv32imac/ilp32\libgcc.a(_umoddi3.o)
                0x0000000000005446                __umoddi3
 .text.__divdf3
                0x00000000000057d4      0x5b4 c:/mounriver/mounriver_studio/toolchain/risc-v embedded gcc/bin/../lib/gcc/riscv-none-embed/8.2.0/rv32imac/ilp32\libgcc.a(divdf3.o)
                0x00000000000057d4                __divdf3
 .text.__muldf3
                0x0000000000005d88      0x4b8 c:/mounriver/mounriver_studio/toolchain/risc-v embedded gcc/bin/../lib/gcc/riscv-none-embed/8.2.0/rv32imac/ilp32\libgcc.a(muldf3.o)
                0x0000000000005d88                __muldf3
 .text.__subdf3
                0x0000000000006240      0x73e c:/mounriver/mounriver_studio/toolchain/risc-v embedded gcc/bin/../lib/gcc/riscv-none-embed/8.2.0/rv32imac/ilp32\libgcc.a(subdf3.o)
                0x0000000000006240                __subdf3
 .text.__fixdfsi
                0x000000000000697e       0x68 c:/mounriver/mounriver_studio/toolchain/risc-v embedded gcc/bin/../lib/gcc/riscv-none-embed/8.2.0/rv32imac/ilp32\libgcc.a(fixdfsi.o)
                0x000000000000697e                __fixdfsi
 .text.__floatsidf
                0x00000000000069e6       0x70 c:/mounriver/mounriver_studio/toolchain/risc-v embedded gcc/bin/../lib/gcc/riscv-none-embed/8.2.0/rv32imac/ilp32\libgcc.a(floatsidf.o)
                0x00000000000069e6                __floatsidf
 .text.__fixdfdi
                0x0000000000006a56       0xbc c:/mounriver/mounriver_studio/toolchain/risc-v embedded gcc/bin/../lib/gcc/riscv-none-embed/8.2.0/rv32imac/ilp32\libgcc.a(fixdfdi.o)
                0x0000000000006a56                __fixdfdi
 .text.__floatdidf
                0x0000000000006b12      0x1b2 c:/mounriver/mounriver_studio/toolchain/risc-v embedded gcc/bin/../lib/gcc/riscv-none-embed/8.2.0/rv32imac/ilp32\libgcc.a(floatdidf.o)
                0x0000000000006b12                __floatdidf
 .text.__extendsfdf2
                0x0000000000006cc4       0xac c:/mounriver/mounriver_studio/toolchain/risc-v embedded gcc/bin/../lib/gcc/riscv-none-embed/8.2.0/rv32imac/ilp32\libgcc.a(extendsfdf2.o)
                0x0000000000006cc4                __extendsfdf2
 .text.__truncdfsf2
                0x0000000000006d70      0x16a c:/mounriver/mounriver_studio/toolchain/risc-v embedded gcc/bin/../lib/gcc/riscv-none-embed/8.2.0/rv32imac/ilp32\libgcc.a(truncdfsf2.o)
                0x0000000000006d70                __truncdfsf2
 .text.__clzsi2
                0x0000000000006eda       0x76 c:/mounriver/mounriver_studio/toolchain/risc-v embedded gcc/bin/../lib/gcc/riscv-none-embed/8.2.0/rv32imac/ilp32\libgcc.a(_clzsi2.o)
                0x0000000000006eda                __clzsi2
 .text.__locale_ctype_ptr_l
                0x0000000000006f50        0x6 c:/mounriver/mounriver_studio/toolchain/risc-v embedded gcc/bin/../lib/gcc/riscv-none-embed/8.2.0/../../../../riscv-none-embed/lib/rv32imac/ilp32\libg_nano.a(lib_a-locale.o)
                0x0000000000006f50                __locale_ctype_ptr_l
 .text.__ascii_mbtowc
                0x0000000000006f56       0x3a c:/mounriver/mounriver_studio/toolchain/risc-v embedded gcc/bin/../lib/gcc/riscv-none-embed/8.2.0/../../../../riscv-none-embed/lib/rv32imac/ilp32\libg_nano.a(lib_a-mbtowc_r.o)
                0x0000000000006f56                __ascii_mbtowc
 .text.memcmp   0x0000000000006f90       0x26 c:/mounriver/mounriver_studio/toolchain/risc-v embedded gcc/bin/../lib/gcc/riscv-none-embed/8.2.0/../../../../riscv-none-embed/lib/rv32imac/ilp32\libg_nano.a(lib_a-memcmp.o)
                0x0000000000006f90                memcmp
 .text.memcpy   0x0000000000006fb6       0xb6 c:/mounriver/mounriver_studio/toolchain/risc-v embedded gcc/bin/../lib/gcc/riscv-none-embed/8.2.0/../../../../riscv-none-embed/lib/rv32imac/ilp32\libg_nano.a(lib_a-memcpy.o)
                0x0000000000006fb6                memcpy
 .text.__cvt    0x000000000000706c       0xee c:/mounriver/mounriver_studio/toolchain/risc-v embedded gcc/bin/../lib/gcc/riscv-none-embed/8.2.0/../../../../riscv-none-embed/lib/rv32imac/ilp32\libg_nano.a(lib_a-nano-vfprintf_float.o)
                0x000000000000706c                __cvt
 .text.__exponent
                0x000000000000715a       0x8c c:/mounriver/mounriver_studio/toolchain/risc-v embedded gcc/bin/../lib/gcc/riscv-none-embed/8.2.0/../../../../riscv-none-embed/lib/rv32imac/ilp32\libg_nano.a(lib_a-nano-vfprintf_float.o)
                0x000000000000715a                __exponent
 .text._printf_float
                0x00000000000071e6      0x4c4 c:/mounriver/mounriver_studio/toolchain/risc-v embedded gcc/bin/../lib/gcc/riscv-none-embed/8.2.0/../../../../riscv-none-embed/lib/rv32imac/ilp32\libg_nano.a(lib_a-nano-vfprintf_float.o)
                0x00000000000071e6                _printf_float
 .text._printf_common
                0x00000000000076aa      0x10c c:/mounriver/mounriver_studio/toolchain/risc-v embedded gcc/bin/../lib/gcc/riscv-none-embed/8.2.0/../../../../riscv-none-embed/lib/rv32imac/ilp32\libg_nano.a(lib_a-nano-vfprintf_i.o)
                0x00000000000076aa                _printf_common
 .text._printf_i
                0x00000000000077b6      0x2ac c:/mounriver/mounriver_studio/toolchain/risc-v embedded gcc/bin/../lib/gcc/riscv-none-embed/8.2.0/../../../../riscv-none-embed/lib/rv32imac/ilp32\libg_nano.a(lib_a-nano-vfprintf_i.o)
                0x00000000000077b6                _printf_i
 .text._scanf_float
                0x0000000000007a62      0x476 c:/mounriver/mounriver_studio/toolchain/risc-v embedded gcc/bin/../lib/gcc/riscv-none-embed/8.2.0/../../../../riscv-none-embed/lib/rv32imac/ilp32\libg_nano.a(lib_a-nano-vfscanf_float.o)
                0x0000000000007a62                _scanf_float
 .text.nanf     0x0000000000007ed8        0xc c:/mounriver/mounriver_studio/toolchain/risc-v embedded gcc/bin/../lib/gcc/riscv-none-embed/8.2.0/../../../../riscv-none-embed/lib/rv32imac/ilp32\libg_nano.a(lib_a-sf_nan.o)
                0x0000000000007ed8                nanf
 .text.sprintf  0x0000000000007ee4       0x46 c:/mounriver/mounriver_studio/toolchain/risc-v embedded gcc/bin/../lib/gcc/riscv-none-embed/8.2.0/../../../../riscv-none-embed/lib/rv32imac/ilp32\libg_nano.a(lib_a-sprintf.o)
                0x0000000000007ee4                siprintf
                0x0000000000007ee4                sprintf
 .text.strlen   0x0000000000007f2a       0x12 c:/mounriver/mounriver_studio/toolchain/risc-v embedded gcc/bin/../lib/gcc/riscv-none-embed/8.2.0/../../../../riscv-none-embed/lib/rv32imac/ilp32\libg_nano.a(lib_a-strlen.o)
                0x0000000000007f2a                strlen
 .text.sulp     0x0000000000007f3c       0x4e c:/mounriver/mounriver_studio/toolchain/risc-v embedded gcc/bin/../lib/gcc/riscv-none-embed/8.2.0/../../../../riscv-none-embed/lib/rv32imac/ilp32\libg_nano.a(lib_a-strtod.o)
 .text._strtod_l
                0x0000000000007f8a      0xc7e c:/mounriver/mounriver_studio/toolchain/risc-v embedded gcc/bin/../lib/gcc/riscv-none-embed/8.2.0/../../../../riscv-none-embed/lib/rv32imac/ilp32\libg_nano.a(lib_a-strtod.o)
                0x0000000000007f8a                _strtod_l
 .text._strtod_r
                0x0000000000008c08       0x16 c:/mounriver/mounriver_studio/toolchain/risc-v embedded gcc/bin/../lib/gcc/riscv-none-embed/8.2.0/../../../../riscv-none-embed/lib/rv32imac/ilp32\libg_nano.a(lib_a-strtod.o)
                0x0000000000008c08                _strtod_r
 .text._strtol_l.isra.0
                0x0000000000008c1e      0x144 c:/mounriver/mounriver_studio/toolchain/risc-v embedded gcc/bin/../lib/gcc/riscv-none-embed/8.2.0/../../../../riscv-none-embed/lib/rv32imac/ilp32\libg_nano.a(lib_a-strtol.o)
 .text._strtol_r
                0x0000000000008d62       0x16 c:/mounriver/mounriver_studio/toolchain/risc-v embedded gcc/bin/../lib/gcc/riscv-none-embed/8.2.0/../../../../riscv-none-embed/lib/rv32imac/ilp32\libg_nano.a(lib_a-strtol.o)
                0x0000000000008d62                _strtol_r
 .text.__ascii_wctomb
                0x0000000000008d78       0x20 c:/mounriver/mounriver_studio/toolchain/risc-v embedded gcc/bin/../lib/gcc/riscv-none-embed/8.2.0/../../../../riscv-none-embed/lib/rv32imac/ilp32\libg_nano.a(lib_a-wctomb_r.o)
                0x0000000000008d78                __ascii_wctomb
 .text.quorem   0x0000000000008d98      0x13a c:/mounriver/mounriver_studio/toolchain/risc-v embedded gcc/bin/../lib/gcc/riscv-none-embed/8.2.0/../../../../riscv-none-embed/lib/rv32imac/ilp32\libg_nano.a(lib_a-dtoa.o)
 .text._dtoa_r  0x0000000000008ed2      0xc20 c:/mounriver/mounriver_studio/toolchain/risc-v embedded gcc/bin/../lib/gcc/riscv-none-embed/8.2.0/../../../../riscv-none-embed/lib/rv32imac/ilp32\libg_nano.a(lib_a-dtoa.o)
                0x0000000000008ed2                _dtoa_r
 .text.rshift   0x0000000000009af2       0x76 c:/mounriver/mounriver_studio/toolchain/risc-v embedded gcc/bin/../lib/gcc/riscv-none-embed/8.2.0/../../../../riscv-none-embed/lib/rv32imac/ilp32\libg_nano.a(lib_a-gdtoa-gethex.o)
 .text.__hexdig_fun
                0x0000000000009b68       0x40 c:/mounriver/mounriver_studio/toolchain/risc-v embedded gcc/bin/../lib/gcc/riscv-none-embed/8.2.0/../../../../riscv-none-embed/lib/rv32imac/ilp32\libg_nano.a(lib_a-gdtoa-gethex.o)
                0x0000000000009b68                __hexdig_fun
 .text.__gethex
                0x0000000000009ba8      0x4cc c:/mounriver/mounriver_studio/toolchain/risc-v embedded gcc/bin/../lib/gcc/riscv-none-embed/8.2.0/../../../../riscv-none-embed/lib/rv32imac/ilp32\libg_nano.a(lib_a-gdtoa-gethex.o)
                0x0000000000009ba8                __gethex
 .text.L_shift  0x000000000000a074       0x2c c:/mounriver/mounriver_studio/toolchain/risc-v embedded gcc/bin/../lib/gcc/riscv-none-embed/8.2.0/../../../../riscv-none-embed/lib/rv32imac/ilp32\libg_nano.a(lib_a-gdtoa-hexnan.o)
 .text.__match  0x000000000000a0a0       0x30 c:/mounriver/mounriver_studio/toolchain/risc-v embedded gcc/bin/../lib/gcc/riscv-none-embed/8.2.0/../../../../riscv-none-embed/lib/rv32imac/ilp32\libg_nano.a(lib_a-gdtoa-hexnan.o)
                0x000000000000a0a0                __match
 .text.__hexnan
                0x000000000000a0d0      0x160 c:/mounriver/mounriver_studio/toolchain/risc-v embedded gcc/bin/../lib/gcc/riscv-none-embed/8.2.0/../../../../riscv-none-embed/lib/rv32imac/ilp32\libg_nano.a(lib_a-gdtoa-hexnan.o)
                0x000000000000a0d0                __hexnan
 .text.__localeconv_l
                0x000000000000a230        0x6 c:/mounriver/mounriver_studio/toolchain/risc-v embedded gcc/bin/../lib/gcc/riscv-none-embed/8.2.0/../../../../riscv-none-embed/lib/rv32imac/ilp32\libg_nano.a(lib_a-localeconv.o)
                0x000000000000a230                __localeconv_l
 .text._localeconv_r
                0x000000000000a236       0x18 c:/mounriver/mounriver_studio/toolchain/risc-v embedded gcc/bin/../lib/gcc/riscv-none-embed/8.2.0/../../../../riscv-none-embed/lib/rv32imac/ilp32\libg_nano.a(lib_a-localeconv.o)
                0x000000000000a236                _localeconv_r
 .text.malloc   0x000000000000a24e        0xc c:/mounriver/mounriver_studio/toolchain/risc-v embedded gcc/bin/../lib/gcc/riscv-none-embed/8.2.0/../../../../riscv-none-embed/lib/rv32imac/ilp32\libg_nano.a(lib_a-malloc.o)
                0x000000000000a24e                malloc
 .text.memchr   0x000000000000a25a       0x1a c:/mounriver/mounriver_studio/toolchain/risc-v embedded gcc/bin/../lib/gcc/riscv-none-embed/8.2.0/../../../../riscv-none-embed/lib/rv32imac/ilp32\libg_nano.a(lib_a-memchr.o)
                0x000000000000a25a                memchr
 .text._Balloc  0x000000000000a274       0x8c c:/mounriver/mounriver_studio/toolchain/risc-v embedded gcc/bin/../lib/gcc/riscv-none-embed/8.2.0/../../../../riscv-none-embed/lib/rv32imac/ilp32\libg_nano.a(lib_a-mprec.o)
                0x000000000000a274                _Balloc
 .text._Bfree   0x000000000000a300       0x44 c:/mounriver/mounriver_studio/toolchain/risc-v embedded gcc/bin/../lib/gcc/riscv-none-embed/8.2.0/../../../../riscv-none-embed/lib/rv32imac/ilp32\libg_nano.a(lib_a-mprec.o)
                0x000000000000a300                _Bfree
 .text.__multadd
                0x000000000000a344       0x98 c:/mounriver/mounriver_studio/toolchain/risc-v embedded gcc/bin/../lib/gcc/riscv-none-embed/8.2.0/../../../../riscv-none-embed/lib/rv32imac/ilp32\libg_nano.a(lib_a-mprec.o)
                0x000000000000a344                __multadd
 .text.__s2b    0x000000000000a3dc       0xa6 c:/mounriver/mounriver_studio/toolchain/risc-v embedded gcc/bin/../lib/gcc/riscv-none-embed/8.2.0/../../../../riscv-none-embed/lib/rv32imac/ilp32\libg_nano.a(lib_a-mprec.o)
                0x000000000000a3dc                __s2b
 .text.__hi0bits
                0x000000000000a482       0x46 c:/mounriver/mounriver_studio/toolchain/risc-v embedded gcc/bin/../lib/gcc/riscv-none-embed/8.2.0/../../../../riscv-none-embed/lib/rv32imac/ilp32\libg_nano.a(lib_a-mprec.o)
                0x000000000000a482                __hi0bits
 .text.__lo0bits
                0x000000000000a4c8       0x6a c:/mounriver/mounriver_studio/toolchain/risc-v embedded gcc/bin/../lib/gcc/riscv-none-embed/8.2.0/../../../../riscv-none-embed/lib/rv32imac/ilp32\libg_nano.a(lib_a-mprec.o)
                0x000000000000a4c8                __lo0bits
 .text.__i2b    0x000000000000a532       0x1c c:/mounriver/mounriver_studio/toolchain/risc-v embedded gcc/bin/../lib/gcc/riscv-none-embed/8.2.0/../../../../riscv-none-embed/lib/rv32imac/ilp32\libg_nano.a(lib_a-mprec.o)
                0x000000000000a532                __i2b
 .text.__multiply
                0x000000000000a54e      0x144 c:/mounriver/mounriver_studio/toolchain/risc-v embedded gcc/bin/../lib/gcc/riscv-none-embed/8.2.0/../../../../riscv-none-embed/lib/rv32imac/ilp32\libg_nano.a(lib_a-mprec.o)
                0x000000000000a54e                __multiply
 .text.__pow5mult
                0x000000000000a692       0xbe c:/mounriver/mounriver_studio/toolchain/risc-v embedded gcc/bin/../lib/gcc/riscv-none-embed/8.2.0/../../../../riscv-none-embed/lib/rv32imac/ilp32\libg_nano.a(lib_a-mprec.o)
                0x000000000000a692                __pow5mult
 .text.__lshift
                0x000000000000a750       0xce c:/mounriver/mounriver_studio/toolchain/risc-v embedded gcc/bin/../lib/gcc/riscv-none-embed/8.2.0/../../../../riscv-none-embed/lib/rv32imac/ilp32\libg_nano.a(lib_a-mprec.o)
                0x000000000000a750                __lshift
 .text.__mcmp   0x000000000000a81e       0x32 c:/mounriver/mounriver_studio/toolchain/risc-v embedded gcc/bin/../lib/gcc/riscv-none-embed/8.2.0/../../../../riscv-none-embed/lib/rv32imac/ilp32\libg_nano.a(lib_a-mprec.o)
                0x000000000000a81e                __mcmp
 .text.__mdiff  0x000000000000a850       0xf2 c:/mounriver/mounriver_studio/toolchain/risc-v embedded gcc/bin/../lib/gcc/riscv-none-embed/8.2.0/../../../../riscv-none-embed/lib/rv32imac/ilp32\libg_nano.a(lib_a-mprec.o)
                0x000000000000a850                __mdiff
 .text.__ulp    0x000000000000a942       0x46 c:/mounriver/mounriver_studio/toolchain/risc-v embedded gcc/bin/../lib/gcc/riscv-none-embed/8.2.0/../../../../riscv-none-embed/lib/rv32imac/ilp32\libg_nano.a(lib_a-mprec.o)
                0x000000000000a942                __ulp
 .text.__b2d    0x000000000000a988       0xb4 c:/mounriver/mounriver_studio/toolchain/risc-v embedded gcc/bin/../lib/gcc/riscv-none-embed/8.2.0/../../../../riscv-none-embed/lib/rv32imac/ilp32\libg_nano.a(lib_a-mprec.o)
                0x000000000000a988                __b2d
 .text.__d2b    0x000000000000aa3c       0xd4 c:/mounriver/mounriver_studio/toolchain/risc-v embedded gcc/bin/../lib/gcc/riscv-none-embed/8.2.0/../../../../riscv-none-embed/lib/rv32imac/ilp32\libg_nano.a(lib_a-mprec.o)
                0x000000000000aa3c                __d2b
 .text.__ratio  0x000000000000ab10       0x74 c:/mounriver/mounriver_studio/toolchain/risc-v embedded gcc/bin/../lib/gcc/riscv-none-embed/8.2.0/../../../../riscv-none-embed/lib/rv32imac/ilp32\libg_nano.a(lib_a-mprec.o)
                0x000000000000ab10                __ratio
 .text.__copybits
                0x000000000000ab84       0x36 c:/mounriver/mounriver_studio/toolchain/risc-v embedded gcc/bin/../lib/gcc/riscv-none-embed/8.2.0/../../../../riscv-none-embed/lib/rv32imac/ilp32\libg_nano.a(lib_a-mprec.o)
                0x000000000000ab84                __copybits
 .text.__any_on
                0x000000000000abba       0x46 c:/mounriver/mounriver_studio/toolchain/risc-v embedded gcc/bin/../lib/gcc/riscv-none-embed/8.2.0/../../../../riscv-none-embed/lib/rv32imac/ilp32\libg_nano.a(lib_a-mprec.o)
                0x000000000000abba                __any_on
 .text._calloc_r
                0x000000000000ac00       0x26 c:/mounriver/mounriver_studio/toolchain/risc-v embedded gcc/bin/../lib/gcc/riscv-none-embed/8.2.0/../../../../riscv-none-embed/lib/rv32imac/ilp32\libg_nano.a(lib_a-nano-callocr.o)
                0x000000000000ac00                _calloc_r
 .text._free_r  0x000000000000ac26       0xa4 c:/mounriver/mounriver_studio/toolchain/risc-v embedded gcc/bin/../lib/gcc/riscv-none-embed/8.2.0/../../../../riscv-none-embed/lib/rv32imac/ilp32\libg_nano.a(lib_a-nano-freer.o)
                0x000000000000ac26                _free_r
 .text._malloc_r
                0x000000000000acca       0xce c:/mounriver/mounriver_studio/toolchain/risc-v embedded gcc/bin/../lib/gcc/riscv-none-embed/8.2.0/../../../../riscv-none-embed/lib/rv32imac/ilp32\libg_nano.a(lib_a-nano-mallocr.o)
                0x000000000000acca                _malloc_r
 .text.__ssputs_r
                0x000000000000ad98       0xea c:/mounriver/mounriver_studio/toolchain/risc-v embedded gcc/bin/../lib/gcc/riscv-none-embed/8.2.0/../../../../riscv-none-embed/lib/rv32imac/ilp32\libg_nano.a(lib_a-nano-svfprintf.o)
                0x000000000000ad98                __ssputs_r
 .text._svfprintf_r
                0x000000000000ae82      0x27e c:/mounriver/mounriver_studio/toolchain/risc-v embedded gcc/bin/../lib/gcc/riscv-none-embed/8.2.0/../../../../riscv-none-embed/lib/rv32imac/ilp32\libg_nano.a(lib_a-nano-svfprintf.o)
                0x000000000000ae82                _svfiprintf_r
                0x000000000000ae82                _svfprintf_r
 .text._sbrk_r  0x000000000000b100       0x2a c:/mounriver/mounriver_studio/toolchain/risc-v embedded gcc/bin/../lib/gcc/riscv-none-embed/8.2.0/../../../../riscv-none-embed/lib/rv32imac/ilp32\libg_nano.a(lib_a-sbrkr.o)
                0x000000000000b100                _sbrk_r
 .text.strncmp  0x000000000000b12a       0x2c c:/mounriver/mounriver_studio/toolchain/risc-v embedded gcc/bin/../lib/gcc/riscv-none-embed/8.2.0/../../../../riscv-none-embed/lib/rv32imac/ilp32\libg_nano.a(lib_a-strncmp.o)
                0x000000000000b12a                strncmp
 .text.memmove  0x000000000000b156       0x4a c:/mounriver/mounriver_studio/toolchain/risc-v embedded gcc/bin/../lib/gcc/riscv-none-embed/8.2.0/../../../../riscv-none-embed/lib/rv32imac/ilp32\libg_nano.a(lib_a-memmove.o)
                0x000000000000b156                memmove
 .text.__malloc_lock
                0x000000000000b1a0        0x2 c:/mounriver/mounriver_studio/toolchain/risc-v embedded gcc/bin/../lib/gcc/riscv-none-embed/8.2.0/../../../../riscv-none-embed/lib/rv32imac/ilp32\libg_nano.a(lib_a-mlock.o)
                0x000000000000b1a0                __malloc_lock
 .text.__malloc_unlock
                0x000000000000b1a2        0x2 c:/mounriver/mounriver_studio/toolchain/risc-v embedded gcc/bin/../lib/gcc/riscv-none-embed/8.2.0/../../../../riscv-none-embed/lib/rv32imac/ilp32\libg_nano.a(lib_a-mlock.o)
                0x000000000000b1a2                __malloc_unlock
 .text._realloc_r
                0x000000000000b1a4       0x58 c:/mounriver/mounriver_studio/toolchain/risc-v embedded gcc/bin/../lib/gcc/riscv-none-embed/8.2.0/../../../../riscv-none-embed/lib/rv32imac/ilp32\libg_nano.a(lib_a-nano-reallocr.o)
                0x000000000000b1a4                _realloc_r
 .text._malloc_usable_size_r
                0x000000000000b1fc       0x14 c:/mounriver/mounriver_studio/toolchain/risc-v embedded gcc/bin/../lib/gcc/riscv-none-embed/8.2.0/../../../../riscv-none-embed/lib/rv32imac/ilp32\libg_nano.a(lib_a-nano-msizer.o)
                0x000000000000b1fc                _malloc_usable_size_r
 .text.__adddf3
                0x000000000000b210      0x730 c:/mounriver/mounriver_studio/toolchain/risc-v embedded gcc/bin/../lib/gcc/riscv-none-embed/8.2.0/rv32imac/ilp32\libgcc.a(adddf3.o)
                0x000000000000b210                __adddf3
 .text.__eqdf2  0x000000000000b940       0x6a c:/mounriver/mounriver_studio/toolchain/risc-v embedded gcc/bin/../lib/gcc/riscv-none-embed/8.2.0/rv32imac/ilp32\libgcc.a(eqdf2.o)
                0x000000000000b940                __nedf2
                0x000000000000b940                __eqdf2
 .text.__gedf2  0x000000000000b9aa       0xae c:/mounriver/mounriver_studio/toolchain/risc-v embedded gcc/bin/../lib/gcc/riscv-none-embed/8.2.0/rv32imac/ilp32\libgcc.a(gedf2.o)
                0x000000000000b9aa                __gedf2
                0x000000000000b9aa                __gtdf2
 .text.__ledf2  0x000000000000ba58       0xb6 c:/mounriver/mounriver_studio/toolchain/risc-v embedded gcc/bin/../lib/gcc/riscv-none-embed/8.2.0/rv32imac/ilp32\libgcc.a(ledf2.o)
                0x000000000000ba58                __ledf2
                0x000000000000ba58                __ltdf2
 .text.__unorddf2
                0x000000000000bb0e       0x3c c:/mounriver/mounriver_studio/toolchain/risc-v embedded gcc/bin/../lib/gcc/riscv-none-embed/8.2.0/rv32imac/ilp32\libgcc.a(unorddf2.o)
                0x000000000000bb0e                __unorddf2
 .text.__fixunsdfsi
                0x000000000000bb4a       0x5c c:/mounriver/mounriver_studio/toolchain/risc-v embedded gcc/bin/../lib/gcc/riscv-none-embed/8.2.0/rv32imac/ilp32\libgcc.a(fixunsdfsi.o)
                0x000000000000bb4a                __fixunsdfsi
 .text.__floatunsidf
                0x000000000000bba6       0x68 c:/mounriver/mounriver_studio/toolchain/risc-v embedded gcc/bin/../lib/gcc/riscv-none-embed/8.2.0/rv32imac/ilp32\libgcc.a(floatunsidf.o)
                0x000000000000bba6                __floatunsidf
 .text.__extenddftf2
                0x000000000000bc0e      0x1a4 c:/mounriver/mounriver_studio/toolchain/risc-v embedded gcc/bin/../lib/gcc/riscv-none-embed/8.2.0/rv32imac/ilp32\libgcc.a(extenddftf2.o)
                0x000000000000bc0e                __extenddftf2
 .text.__trunctfdf2
                0x000000000000bdb2      0x21e c:/mounriver/mounriver_studio/toolchain/risc-v embedded gcc/bin/../lib/gcc/riscv-none-embed/8.2.0/rv32imac/ilp32\libgcc.a(trunctfdf2.o)
                0x000000000000bdb2                __trunctfdf2
 .text._sbrk    0x000000000000bfd0       0x20 c:/mounriver/mounriver_studio/toolchain/risc-v embedded gcc/bin/../lib/gcc/riscv-none-embed/8.2.0/../../../../riscv-none-embed/lib/rv32imac/ilp32\libnosys.a(sbrk.o)
                0x000000000000bfd0                _sbrk
 *(.rodata)
 .rodata        0x000000000000bff0       0x14 ./src/modbus.o
 .rodata        0x000000000000c004       0x14 ./src/storage.o
 *(.rodata*)
 .rodata.log_buffer_hex.str1.4
                0x000000000000c018       0x43 ./src/utils/log.o
 *fill*         0x000000000000c05b        0x1 
 .rodata.mb_reg_segs
                0x000000000000c05c       0x48 ./src/modbus/regs.o
 .rodata.reset_dump
                0x000000000000c0a4       0x1c ./src/Main.o
 .rodata.main.str1.4
                0x000000000000c0c0       0x25 ./src/Main.o
 *fill*         0x000000000000c0e5        0x3 
 .rodata.reset_dump.str1.4
                0x000000000000c0e8       0x6f ./src/Main.o
 *fill*         0x000000000000c157        0x1 
 .rodata.uuid_dump.str1.4
                0x000000000000c158        0xe ./src/Main.o
                                         0x16 (size before relaxing)
 *fill*         0x000000000000c166        0x2 
 .rodata.__FUNCTION__.4086
                0x000000000000c168       0x10 ./src/configtool.o
 .rodata.__FUNCTION__.4091
                0x000000000000c178       0x13 ./src/configtool.o
 *fill*         0x000000000000c18b        0x1 
 .rodata.__FUNCTION__.4108
                0x000000000000c18c       0x10 ./src/configtool.o
 .rodata.cfg_get_mb_uart.str1.4
                0x000000000000c19c       0x14 ./src/configtool.o
 .rodata.cfg_init.str1.4
                0x000000000000c1b0       0x5d ./src/configtool.o
 *fill*         0x000000000000c20d        0x3 
 .rodata.cfg_save_item.str1.4
                0x000000000000c210       0x3b ./src/configtool.o
 *fill*         0x000000000000c24b        0x1 
 .rodata.CSWTCH.34
                0x000000000000c24c       0x34 ./src/liblightmodbus-impl.o
 .rodata.modbusErrorStr.str1.4
                0x000000000000c280       0x16 ./src/liblightmodbus-impl.o
 *fill*         0x000000000000c296        0x2 
 .rodata.str1.4
                0x000000000000c298      0x2df ./src/liblightmodbus-impl.o
 *fill*         0x000000000000c577        0x1 
 .rodata.modbus_frame_check.str1.4
                0x000000000000c578       0x41 ./src/modbus.o
 *fill*         0x000000000000c5b9        0x3 
 .rodata.modbus_init.str1.4
                0x000000000000c5bc       0x1b ./src/modbus.o
 *fill*         0x000000000000c5d7        0x1 
 .rodata.modbus_slave_init.str1.4
                0x000000000000c5d8       0x2d ./src/modbus.o
 *fill*         0x000000000000c605        0x3 
 .rodata.Hzk1   0x000000000000c608       0x20 ./src/oled.o
                0x000000000000c608                Hzk1
 .rodata.Hzk2   0x000000000000c628       0x48 ./src/oled.o
                0x000000000000c628                Hzk2
 .rodata.Hzk3   0x000000000000c670       0x80 ./src/oled.o
                0x000000000000c670                Hzk3
 .rodata.Hzk4   0x000000000000c6f0      0x200 ./src/oled.o
                0x000000000000c6f0                Hzk4
 .rodata.OLED_ShowFNum.str1.4
                0x000000000000c8f0        0x5 ./src/oled.o
 *fill*         0x000000000000c8f5        0x3 
 .rodata.asc2_0806
                0x000000000000c8f8      0x228 ./src/oled.o
                0x000000000000c8f8                asc2_0806
 .rodata.asc2_1206
                0x000000000000cb20      0x474 ./src/oled.o
                0x000000000000cb20                asc2_1206
 .rodata.asc2_1608
                0x000000000000cf94      0x5f0 ./src/oled.o
                0x000000000000cf94                asc2_1608
 .rodata.asc2_2412
                0x000000000000d584      0xd5c ./src/oled.o
                0x000000000000d584                asc2_2412
 .rodata.mb_reg_after_write.str1.4
                0x000000000000e2e0       0x26 ./src/sensor.o
 *fill*         0x000000000000e306        0x2 
 .rodata.__FUNCTION__.5024
                0x000000000000e308       0x14 ./src/sht35.o
 .rodata.read_display_data.str1.4
                0x000000000000e31c       0x21 ./src/sht35.o
                                         0x26 (size before relaxing)
 *fill*         0x000000000000e33d        0x3 
 .rodata.sht35_read_temphumi.cst8
                0x000000000000e340       0x20 ./src/sht35.o
 .rodata.sht35_read_temphumi.str1.4
                0x000000000000e360       0x25 ./src/sht35.o
 *fill*         0x000000000000e385        0x3 
 .rodata.timeout_flag_function.str1.4
                0x000000000000e388       0x2d ./src/sht35.o
 *fill*         0x000000000000e3b5        0x3 
 .rodata.__FUNCTION__.4144
                0x000000000000e3b8        0xb ./src/storage.o
 *fill*         0x000000000000e3c3        0x1 
 .rodata.__FUNCTION__.4169
                0x000000000000e3c4       0x18 ./src/storage.o
 .rodata.st_delete_item_with_loc.str1.4
                0x000000000000e3dc      0x11b ./src/storage.o
 *fill*         0x000000000000e4f7        0x1 
 .rodata.st_find_item.str1.4
                0x000000000000e4f8       0xd4 ./src/storage.o
 .rodata.st_init.str1.4
                0x000000000000e5cc      0x1c8 ./src/storage.o
 .rodata.st_page_erase.str1.4
                0x000000000000e794       0x32 ./src/storage.o
 *fill*         0x000000000000e7c6        0x2 
 .rodata.st_page_read.str1.4
                0x000000000000e7c8       0x56 ./src/storage.o
 *fill*         0x000000000000e81e        0x2 
 .rodata.st_page_status_str.str1.4
                0x000000000000e820       0x2b ./src/storage.o
 *fill*         0x000000000000e84b        0x1 
 .rodata.st_page_status_update.constprop.12.str1.4
                0x000000000000e84c       0x28 ./src/storage.o
 .rodata.st_page_write_item.constprop.10.str1.4
                0x000000000000e874       0xc0 ./src/storage.o
 .rodata.st_write_item.str1.4
                0x000000000000e934      0x11c ./src/storage.o
 .rodata.GPIOA_ModeCfg
                0x000000000000ea50       0x14 ./StdPeriphDriver/CH58x_gpio.o
 .rodata.GPIOB_ModeCfg
                0x000000000000ea64       0x14 ./StdPeriphDriver/CH58x_gpio.o
 .rodata.print.str1.4
                0x000000000000ea78        0x7 c:/mounriver/mounriver_studio/toolchain/risc-v embedded gcc/bin/../lib/gcc/riscv-none-embed/8.2.0/../../../../riscv-none-embed/lib/rv32imac/ilp32\libprintfloat.a(printfloat.o)
 *fill*         0x000000000000ea7f        0x1 
 .rodata.__divdf3
                0x000000000000ea80       0x40 c:/mounriver/mounriver_studio/toolchain/risc-v embedded gcc/bin/../lib/gcc/riscv-none-embed/8.2.0/rv32imac/ilp32\libgcc.a(divdf3.o)
 .rodata.__muldf3
                0x000000000000eac0       0x40 c:/mounriver/mounriver_studio/toolchain/risc-v embedded gcc/bin/../lib/gcc/riscv-none-embed/8.2.0/rv32imac/ilp32\libgcc.a(muldf3.o)
 .rodata.__clz_tab
                0x000000000000eb00      0x100 c:/mounriver/mounriver_studio/toolchain/risc-v embedded gcc/bin/../lib/gcc/riscv-none-embed/8.2.0/rv32imac/ilp32\libgcc.a(_clz.o)
                0x000000000000eb00                __clz_tab
 .rodata._setlocale_r.str1.4
                0x000000000000ec00        0xa c:/mounriver/mounriver_studio/toolchain/risc-v embedded gcc/bin/../lib/gcc/riscv-none-embed/8.2.0/../../../../riscv-none-embed/lib/rv32imac/ilp32\libg_nano.a(lib_a-locale.o)
                                          0xd (size before relaxing)
 *fill*         0x000000000000ec0a        0x2 
 .rodata.str1.4
                0x000000000000ec0c        0x2 c:/mounriver/mounriver_studio/toolchain/risc-v embedded gcc/bin/../lib/gcc/riscv-none-embed/8.2.0/../../../../riscv-none-embed/lib/rv32imac/ilp32\libg_nano.a(lib_a-locale.o)
 *fill*         0x000000000000ec0e        0x2 
 .rodata._printf_float.cst8
                0x000000000000ec10        0x8 c:/mounriver/mounriver_studio/toolchain/risc-v embedded gcc/bin/../lib/gcc/riscv-none-embed/8.2.0/../../../../riscv-none-embed/lib/rv32imac/ilp32\libg_nano.a(lib_a-nano-vfprintf_float.o)
 .rodata._printf_float.str1.4
                0x000000000000ec18       0x12 c:/mounriver/mounriver_studio/toolchain/risc-v embedded gcc/bin/../lib/gcc/riscv-none-embed/8.2.0/../../../../riscv-none-embed/lib/rv32imac/ilp32\libg_nano.a(lib_a-nano-vfprintf_float.o)
 *fill*         0x000000000000ec2a        0x2 
 .rodata._printf_i.str1.4
                0x000000000000ec2c       0x25 c:/mounriver/mounriver_studio/toolchain/risc-v embedded gcc/bin/../lib/gcc/riscv-none-embed/8.2.0/../../../../riscv-none-embed/lib/rv32imac/ilp32\libg_nano.a(lib_a-nano-vfprintf_i.o)
 *fill*         0x000000000000ec51        0x3 
 .rodata._scanf_float.str1.4
                0x000000000000ec54        0x5 c:/mounriver/mounriver_studio/toolchain/risc-v embedded gcc/bin/../lib/gcc/riscv-none-embed/8.2.0/../../../../riscv-none-embed/lib/rv32imac/ilp32\libg_nano.a(lib_a-nano-vfscanf_float.o)
 *fill*         0x000000000000ec59        0x3 
 .rodata.nanf.cst4
                0x000000000000ec5c        0x4 c:/mounriver/mounriver_studio/toolchain/risc-v embedded gcc/bin/../lib/gcc/riscv-none-embed/8.2.0/../../../../riscv-none-embed/lib/rv32imac/ilp32\libg_nano.a(lib_a-sf_nan.o)
 .rodata._strtod_l
                0x000000000000ec60       0x14 c:/mounriver/mounriver_studio/toolchain/risc-v embedded gcc/bin/../lib/gcc/riscv-none-embed/8.2.0/../../../../riscv-none-embed/lib/rv32imac/ilp32\libg_nano.a(lib_a-strtod.o)
 *fill*         0x000000000000ec74        0x4 
 .rodata._strtod_l.cst8
                0x000000000000ec78       0x38 c:/mounriver/mounriver_studio/toolchain/risc-v embedded gcc/bin/../lib/gcc/riscv-none-embed/8.2.0/../../../../riscv-none-embed/lib/rv32imac/ilp32\libg_nano.a(lib_a-strtod.o)
 .rodata._strtod_l.str1.4
                0x000000000000ecb0        0xf c:/mounriver/mounriver_studio/toolchain/risc-v embedded gcc/bin/../lib/gcc/riscv-none-embed/8.2.0/../../../../riscv-none-embed/lib/rv32imac/ilp32\libg_nano.a(lib_a-strtod.o)
 *fill*         0x000000000000ecbf        0x1 
 .rodata.fpi.3395
                0x000000000000ecc0       0x14 c:/mounriver/mounriver_studio/toolchain/risc-v embedded gcc/bin/../lib/gcc/riscv-none-embed/8.2.0/../../../../riscv-none-embed/lib/rv32imac/ilp32\libg_nano.a(lib_a-strtod.o)
 .rodata.fpinan.3431
                0x000000000000ecd4       0x14 c:/mounriver/mounriver_studio/toolchain/risc-v embedded gcc/bin/../lib/gcc/riscv-none-embed/8.2.0/../../../../riscv-none-embed/lib/rv32imac/ilp32\libg_nano.a(lib_a-strtod.o)
 .rodata.tinytens
                0x000000000000ece8       0x28 c:/mounriver/mounriver_studio/toolchain/risc-v embedded gcc/bin/../lib/gcc/riscv-none-embed/8.2.0/../../../../riscv-none-embed/lib/rv32imac/ilp32\libg_nano.a(lib_a-strtod.o)
 .rodata._ctype_
                0x000000000000ed10      0x101 c:/mounriver/mounriver_studio/toolchain/risc-v embedded gcc/bin/../lib/gcc/riscv-none-embed/8.2.0/../../../../riscv-none-embed/lib/rv32imac/ilp32\libg_nano.a(lib_a-ctype_.o)
                0x000000000000ed10                _ctype_
 *fill*         0x000000000000ee11        0x7 
 .rodata._dtoa_r.cst8
                0x000000000000ee18       0x30 c:/mounriver/mounriver_studio/toolchain/risc-v embedded gcc/bin/../lib/gcc/riscv-none-embed/8.2.0/../../../../riscv-none-embed/lib/rv32imac/ilp32\libg_nano.a(lib_a-dtoa.o)
                                         0x48 (size before relaxing)
 .rodata._dtoa_r.str1.4
                0x000000000000ee48       0x10 c:/mounriver/mounriver_studio/toolchain/risc-v embedded gcc/bin/../lib/gcc/riscv-none-embed/8.2.0/../../../../riscv-none-embed/lib/rv32imac/ilp32\libg_nano.a(lib_a-dtoa.o)
                                         0x12 (size before relaxing)
 .rodata.__mprec_bigtens
                0x000000000000ee58       0x28 c:/mounriver/mounriver_studio/toolchain/risc-v embedded gcc/bin/../lib/gcc/riscv-none-embed/8.2.0/../../../../riscv-none-embed/lib/rv32imac/ilp32\libg_nano.a(lib_a-mprec.o)
                0x000000000000ee58                __mprec_bigtens
 .rodata.__mprec_tens
                0x000000000000ee80       0xc8 c:/mounriver/mounriver_studio/toolchain/risc-v embedded gcc/bin/../lib/gcc/riscv-none-embed/8.2.0/../../../../riscv-none-embed/lib/rv32imac/ilp32\libg_nano.a(lib_a-mprec.o)
                0x000000000000ee80                __mprec_tens
 .rodata.p05.3319
                0x000000000000ef48        0xc c:/mounriver/mounriver_studio/toolchain/risc-v embedded gcc/bin/../lib/gcc/riscv-none-embed/8.2.0/../../../../riscv-none-embed/lib/rv32imac/ilp32\libg_nano.a(lib_a-mprec.o)
 .rodata._svfprintf_r.str1.4
                0x000000000000ef54       0x14 c:/mounriver/mounriver_studio/toolchain/risc-v embedded gcc/bin/../lib/gcc/riscv-none-embed/8.2.0/../../../../riscv-none-embed/lib/rv32imac/ilp32\libg_nano.a(lib_a-nano-svfprintf.o)
                                         0x13 (size before relaxing)
 *(.sdata2.*)
 .sdata2.CSWTCH.31
                0x000000000000ef68        0x4 ./src/liblightmodbus-impl.o
 .sdata2.CSWTCH.32
                0x000000000000ef6c        0x8 ./src/liblightmodbus-impl.o
 .sdata2.CSWTCH.33
                0x000000000000ef74        0x4 ./src/liblightmodbus-impl.o
 .sdata2.modbusSlaveDefaultFunctionCount
                0x000000000000ef78        0x1 ./src/liblightmodbus-impl.o
                0x000000000000ef78                modbusSlaveDefaultFunctionCount
 *(.glue_7)
 *(.glue_7t)
 *(.gnu.linkonce.t.*)
                0x000000000000ef7c                . = ALIGN (0x4)
 *fill*         0x000000000000ef79        0x3 

.rela.dyn       0x000000000000ef7c        0x0
 .rela.text.sht35_read
                0x000000000000ef7c        0x0 ./src/utils/crc.o
 .rela.text.sht35_read_temphumi
                0x000000000000ef7c        0x0 ./src/utils/crc.o
 .rela.init     0x000000000000ef7c        0x0 ./src/utils/crc.o
 .rela.vector   0x000000000000ef7c        0x0 ./src/utils/crc.o
 .rela.handle_reset
                0x000000000000ef7c        0x0 ./src/utils/crc.o
 .rela.data.impure_data
                0x000000000000ef7c        0x0 ./src/utils/crc.o
 .rela.text._svfprintf_r
                0x000000000000ef7c        0x0 ./src/utils/crc.o
 .rela.text._sbrk_r
                0x000000000000ef7c        0x0 ./src/utils/crc.o
 .rela.text._sbrk
                0x000000000000ef7c        0x0 ./src/utils/crc.o

.fini           0x000000000000ef7c        0x0
 *(SORT_NONE(.fini))
                0x000000000000ef7c                . = ALIGN (0x4)
                [!provide]                        PROVIDE (_etext = .)
                [!provide]                        PROVIDE (_eitcm = .)

.preinit_array  0x000000000000ef7c        0x0
                [!provide]                        PROVIDE (__preinit_array_start = .)
 *(.preinit_array)
                [!provide]                        PROVIDE (__preinit_array_end = .)

.init_array     0x000000000000ef7c        0x0
                [!provide]                        PROVIDE (__init_array_start = .)
 *(SORT_BY_INIT_PRIORITY(.init_array.*) SORT_BY_INIT_PRIORITY(.ctors.*))
 *(.init_array EXCLUDE_FILE(*crtend?.o *crtend.o *crtbegin?.o *crtbegin.o) .ctors)
                [!provide]                        PROVIDE (__init_array_end = .)

.fini_array     0x000000000000ef7c        0x0
                [!provide]                        PROVIDE (__fini_array_start = .)
 *(SORT_BY_INIT_PRIORITY(.fini_array.*) SORT_BY_INIT_PRIORITY(.dtors.*))
 *(.fini_array EXCLUDE_FILE(*crtend?.o *crtend.o *crtbegin?.o *crtbegin.o) .dtors)
                [!provide]                        PROVIDE (__fini_array_end = .)

.ctors
 *crtbegin.o(.ctors)
 *crtbegin?.o(.ctors)
 *(EXCLUDE_FILE(*crtend?.o *crtend.o) .ctors)
 *(SORT_BY_NAME(.ctors.*))
 *(.ctors)

.dtors
 *crtbegin.o(.dtors)
 *crtbegin?.o(.dtors)
 *(EXCLUDE_FILE(*crtend?.o *crtend.o) .dtors)
 *(SORT_BY_NAME(.dtors.*))
 *(.dtors)

.dalign         0x0000000020000848        0x0 load address 0x000000000000ef7c
                0x0000000020000848                . = (ORIGIN (RAM) + MAX (0x800, SIZEOF (.highcode)))

.dlalign        0x000000000000ef7c        0x0
                0x000000000000ef7c                . = ALIGN (0x4)
                0x000000000000ef7c                PROVIDE (_data_lma = .)

.data           0x0000000020000848      0x268 load address 0x000000000000ef7c
                0x0000000020000848                . = ALIGN (0x4)
                0x0000000020000848                PROVIDE (_data_vma = .)
 *(.gnu.linkonce.r.*)
 *(.data .data.*)
 .data.cfg_items
                0x0000000020000848       0x3c ./src/configtool.o
 .data.modbusSlaveDefaultFunctions
                0x0000000020000884       0x50 ./src/liblightmodbus-impl.o
                0x0000000020000884                modbusSlaveDefaultFunctions
 .data.__global_locale
                0x00000000200008d4      0x16c c:/mounriver/mounriver_studio/toolchain/risc-v embedded gcc/bin/../lib/gcc/riscv-none-embed/8.2.0/../../../../riscv-none-embed/lib/rv32imac/ilp32\libg_nano.a(lib_a-locale.o)
                0x00000000200008d4                __global_locale
 .data.impure_data
                0x0000000020000a40       0x60 c:/mounriver/mounriver_studio/toolchain/risc-v embedded gcc/bin/../lib/gcc/riscv-none-embed/8.2.0/../../../../riscv-none-embed/lib/rv32imac/ilp32\libg_nano.a(lib_a-impure.o)
 *(.gnu.linkonce.d.*)
                0x0000000020000aa0                . = ALIGN (0x8)
                0x00000000200012a0                PROVIDE (__global_pointer$ = (. + 0x800))
 *(.sdata .sdata.*)
 .sdata.mb_di_list
                0x0000000020000aa0        0x8 ./src/modbus/discrete_input.o
                0x0000000020000aa0                mb_di_list
 .sdata._impure_ptr
                0x0000000020000aa8        0x4 c:/mounriver/mounriver_studio/toolchain/risc-v embedded gcc/bin/../lib/gcc/riscv-none-embed/8.2.0/../../../../riscv-none-embed/lib/rv32imac/ilp32\libg_nano.a(lib_a-impure.o)
                0x0000000020000aa8                _impure_ptr
 *(.gnu.linkonce.s.*)
                0x0000000020000ab0                . = ALIGN (0x8)
 *fill*         0x0000000020000aac        0x4 
 *(.srodata.cst16)
 *(.srodata.cst8)
 *(.srodata.cst4)
 *(.srodata.cst2)
 *(.srodata .srodata.*)
                0x0000000020000ab0                . = ALIGN (0x4)
                0x0000000020000ab0                PROVIDE (_edata = .)

.appinfo        0x0000000020000ab0       0x2a load address 0x000000000000f1e4
 .appinfo       0x0000000020000ab0       0x2a ./src/appinfo.o

.bss            0x0000000020000ae0      0x95c load address 0x000000000000f20e
                0x0000000020000ae0                . = ALIGN (0x4)
                0x0000000020000ae0                PROVIDE (_sbss = .)
 *(.sbss*)
 .sbss.mb_di_cache
                0x0000000020000ae0        0x1 ./src/modbus/discrete_input.o
 *fill*         0x0000000020000ae1        0x3 
 .sbss.mb_pr_iregs
                0x0000000020000ae4        0x4 ./src/modbus/iregs.o
 .sbss.mb_test_regs
                0x0000000020000ae8        0x4 ./src/modbus/regs.o
 .sbss.cfg_flag_init
                0x0000000020000aec        0x1 ./src/configtool.o
 .sbss.mb_timer_ref
                0x0000000020000aed        0x1 ./src/modbus.o
 .sbss.flag_refresh
                0x0000000020000aee        0x1 ./src/oled.o
 *fill*         0x0000000020000aef        0x1 
 .sbss.sensor_ctx
                0x0000000020000af0        0x8 ./src/sensor.o
 .sbss.count    0x0000000020000af8        0x4 ./src/sht35.o
                0x0000000020000af8                count
 .sbss.time_out_flag
                0x0000000020000afc        0x4 ./src/sht35.o
 .sbss.uid_read
                0x0000000020000b00        0x1 ./src/uid.o
 *fill*         0x0000000020000b01        0x7 
 .sbss.worktime
                0x0000000020000b08        0x8 ./src/worktime.o
 .sbss.__malloc_free_list
                0x0000000020000b10        0x4 c:/mounriver/mounriver_studio/toolchain/risc-v embedded gcc/bin/../lib/gcc/riscv-none-embed/8.2.0/../../../../riscv-none-embed/lib/rv32imac/ilp32\libg_nano.a(lib_a-nano-mallocr.o)
                0x0000000020000b10                __malloc_free_list
 .sbss.__malloc_sbrk_start
                0x0000000020000b14        0x4 c:/mounriver/mounriver_studio/toolchain/risc-v embedded gcc/bin/../lib/gcc/riscv-none-embed/8.2.0/../../../../riscv-none-embed/lib/rv32imac/ilp32\libg_nano.a(lib_a-nano-mallocr.o)
                0x0000000020000b14                __malloc_sbrk_start
 .sbss.heap_end.1518
                0x0000000020000b18        0x4 c:/mounriver/mounriver_studio/toolchain/risc-v embedded gcc/bin/../lib/gcc/riscv-none-embed/8.2.0/../../../../riscv-none-embed/lib/rv32imac/ilp32\libnosys.a(sbrk.o)
 *(.gnu.linkonce.sb.*)
 *(.bss*)
 .bss.mb_config_regs
                0x0000000020000b1c        0xe ./src/modbus/regs.o
 *fill*         0x0000000020000b2a        0x2 
 .bss.mb_pri_record_regs
                0x0000000020000b2c       0x40 ./src/modbus/regs.o
 .bss.mb_pri_rw_regs
                0x0000000020000b6c        0xc ./src/modbus/regs.o
 .bss.mb_ro_regs
                0x0000000020000b78       0xe0 ./src/modbus/regs.o
 .bss.mb_rwa_regs
                0x0000000020000c58       0x1e ./src/modbus/regs.o
 *fill*         0x0000000020000c76        0x2 
 .bss.cfg_cache
                0x0000000020000c78       0x3c ./src/configtool.o
 .bss.line_idx  0x0000000020000cb4       0x10 ./src/display.o
 .bss.lines     0x0000000020000cc4       0x48 ./src/display.o
 *fill*         0x0000000020000d0c        0x4 
 .bss.mb_slave_ctx
                0x0000000020000d10      0x260 ./src/modbus.o
 .bss.OLED_GRAM
                0x0000000020000f70      0x480 ./src/oled.o
 .bss.st_ctx    0x00000000200013f0       0x34 ./src/storage.o
 .bss.uid       0x0000000020001424        0x9 ./src/uid.o
 *(.gnu.linkonce.b.*)
 *(COMMON*)
 *fill*         0x000000002000142d        0x3 
 COMMON         0x0000000020001430        0x6 ./src/sht35.o
                0x0000000020001430                read_buffer
 *fill*         0x0000000020001436        0x2 
 COMMON         0x0000000020001438        0x4 c:/mounriver/mounriver_studio/toolchain/risc-v embedded gcc/bin/../lib/gcc/riscv-none-embed/8.2.0/../../../../riscv-none-embed/lib/rv32imac/ilp32\libg_nano.a(lib_a-reent.o)
                0x0000000020001438                errno
                0x000000002000143c                . = ALIGN (0x4)
                0x000000002000143c                PROVIDE (_ebss = .)
                [!provide]                        PROVIDE (_end = _ebss)
                0x000000002000143c                PROVIDE (end = .)

.stack          0x0000000020008000        0x0
                0x0000000020008000                . = ALIGN (0x4)
                0x0000000020008000                PROVIDE (_eusrstack = .)
OUTPUT(CH582M_register.elf elf32-littleriscv)

.debug_info     0x0000000000000000    0x1fd14
 .debug_info    0x0000000000000000      0xa04 ./src/utils/crc.o
 .debug_info    0x0000000000000a04      0xf74 ./src/utils/log.o
 .debug_info    0x0000000000001978     0x138d ./src/modbus/coils.o
 .debug_info    0x0000000000002d05     0x13d3 ./src/modbus/discrete_input.o
 .debug_info    0x00000000000040d8     0x12fd ./src/modbus/iregs.o
 .debug_info    0x00000000000053d5     0x16ef ./src/modbus/regs.o
 .debug_info    0x0000000000006ac4     0x15b6 ./src/Main.o
 .debug_info    0x000000000000807a      0x152 ./src/appinfo.o
 .debug_info    0x00000000000081cc     0x168d ./src/configtool.o
 .debug_info    0x0000000000009859      0xd23 ./src/display.o
 .debug_info    0x000000000000a57c     0x2b45 ./src/liblightmodbus-impl.o
 .debug_info    0x000000000000d0c1     0x22f2 ./src/modbus.o
 .debug_info    0x000000000000f3b3     0x1d89 ./src/oled.o
 .debug_info    0x000000000001113c     0x17ad ./src/sensor.o
 .debug_info    0x00000000000128e9     0x1e01 ./src/sht35.o
 .debug_info    0x00000000000146ea     0x2bbe ./src/storage.o
 .debug_info    0x00000000000172a8      0xcc2 ./src/uid.o
 .debug_info    0x0000000000017f6a     0x10aa ./src/worktime.o
 .debug_info    0x0000000000019014      0xe62 ./StdPeriphDriver/CH58x_gpio.o
 .debug_info    0x0000000000019e76     0x1357 ./StdPeriphDriver/CH58x_i2c.o
 .debug_info    0x000000000001b1cd     0x12a5 ./StdPeriphDriver/CH58x_sys.o
 .debug_info    0x000000000001c472      0xdb4 ./StdPeriphDriver/CH58x_timer0.o
 .debug_info    0x000000000001d226      0xe58 ./StdPeriphDriver/CH58x_timer2.o
 .debug_info    0x000000000001e07e      0xe3a ./StdPeriphDriver/CH58x_uart1.o
 .debug_info    0x000000000001eeb8      0xe3a ./StdPeriphDriver/CH58x_uart3.o
 .debug_info    0x000000000001fcf2       0x22 ./Startup/startup_CH583.o

.debug_abbrev   0x0000000000000000     0x5295
 .debug_abbrev  0x0000000000000000      0x1cc ./src/utils/crc.o
 .debug_abbrev  0x00000000000001cc      0x2a8 ./src/utils/log.o
 .debug_abbrev  0x0000000000000474      0x321 ./src/modbus/coils.o
 .debug_abbrev  0x0000000000000795      0x39c ./src/modbus/discrete_input.o
 .debug_abbrev  0x0000000000000b31      0x31f ./src/modbus/iregs.o
 .debug_abbrev  0x0000000000000e50      0x3e3 ./src/modbus/regs.o
 .debug_abbrev  0x0000000000001233      0x31c ./src/Main.o
 .debug_abbrev  0x000000000000154f       0xb9 ./src/appinfo.o
 .debug_abbrev  0x0000000000001608      0x3f9 ./src/configtool.o
 .debug_abbrev  0x0000000000001a01      0x329 ./src/display.o
 .debug_abbrev  0x0000000000001d2a      0x5a6 ./src/liblightmodbus-impl.o
 .debug_abbrev  0x00000000000022d0      0x5f2 ./src/modbus.o
 .debug_abbrev  0x00000000000028c2      0x479 ./src/oled.o
 .debug_abbrev  0x0000000000002d3b      0x32b ./src/sensor.o
 .debug_abbrev  0x0000000000003066      0x4f4 ./src/sht35.o
 .debug_abbrev  0x000000000000355a      0x4fe ./src/storage.o
 .debug_abbrev  0x0000000000003a58      0x222 ./src/uid.o
 .debug_abbrev  0x0000000000003c7a      0x316 ./src/worktime.o
 .debug_abbrev  0x0000000000003f90      0x268 ./StdPeriphDriver/CH58x_gpio.o
 .debug_abbrev  0x00000000000041f8      0x354 ./StdPeriphDriver/CH58x_i2c.o
 .debug_abbrev  0x000000000000454c      0x368 ./StdPeriphDriver/CH58x_sys.o
 .debug_abbrev  0x00000000000048b4      0x235 ./StdPeriphDriver/CH58x_timer0.o
 .debug_abbrev  0x0000000000004ae9      0x246 ./StdPeriphDriver/CH58x_timer2.o
 .debug_abbrev  0x0000000000004d2f      0x2aa ./StdPeriphDriver/CH58x_uart1.o
 .debug_abbrev  0x0000000000004fd9      0x2aa ./StdPeriphDriver/CH58x_uart3.o
 .debug_abbrev  0x0000000000005283       0x12 ./Startup/startup_CH583.o

.debug_loc      0x0000000000000000     0x9c87
 .debug_loc     0x0000000000000000     0x23cb ./src/utils/crc.o
 .debug_loc     0x00000000000023cb      0x3c3 ./src/utils/log.o
 .debug_loc     0x000000000000278e       0xd7 ./src/modbus/coils.o
 .debug_loc     0x0000000000002865      0x26f ./src/modbus/discrete_input.o
 .debug_loc     0x0000000000002ad4      0x151 ./src/modbus/iregs.o
 .debug_loc     0x0000000000002c25      0x466 ./src/modbus/regs.o
 .debug_loc     0x000000000000308b       0xb3 ./src/Main.o
 .debug_loc     0x000000000000313e      0x489 ./src/configtool.o
 .debug_loc     0x00000000000035c7      0x1e2 ./src/display.o
 .debug_loc     0x00000000000037a9     0x25ce ./src/liblightmodbus-impl.o
 .debug_loc     0x0000000000005d77      0x4e6 ./src/modbus.o
 .debug_loc     0x000000000000625d      0xd97 ./src/oled.o
 .debug_loc     0x0000000000006ff4      0x1ca ./src/sensor.o
 .debug_loc     0x00000000000071be      0x22b ./src/sht35.o
 .debug_loc     0x00000000000073e9     0x1811 ./src/storage.o
 .debug_loc     0x0000000000008bfa       0x5f ./src/worktime.o
 .debug_loc     0x0000000000008c59      0x361 ./StdPeriphDriver/CH58x_gpio.o
 .debug_loc     0x0000000000008fba      0x591 ./StdPeriphDriver/CH58x_i2c.o
 .debug_loc     0x000000000000954b      0x25a ./StdPeriphDriver/CH58x_sys.o
 .debug_loc     0x00000000000097a5       0x84 ./StdPeriphDriver/CH58x_timer0.o
 .debug_loc     0x0000000000009829       0x84 ./StdPeriphDriver/CH58x_timer2.o
 .debug_loc     0x00000000000098ad      0x1ed ./StdPeriphDriver/CH58x_uart1.o
 .debug_loc     0x0000000000009a9a      0x1ed ./StdPeriphDriver/CH58x_uart3.o

.debug_aranges  0x0000000000000000      0x8e8
 .debug_aranges
                0x0000000000000000       0x60 ./src/utils/crc.o
 .debug_aranges
                0x0000000000000060       0x28 ./src/utils/log.o
 .debug_aranges
                0x0000000000000088       0x30 ./src/modbus/coils.o
 .debug_aranges
                0x00000000000000b8       0x30 ./src/modbus/discrete_input.o
 .debug_aranges
                0x00000000000000e8       0x30 ./src/modbus/iregs.o
 .debug_aranges
                0x0000000000000118       0x48 ./src/modbus/regs.o
 .debug_aranges
                0x0000000000000160       0x30 ./src/Main.o
 .debug_aranges
                0x0000000000000190       0x20 ./src/appinfo.o
 .debug_aranges
                0x00000000000001b0       0x58 ./src/configtool.o
 .debug_aranges
                0x0000000000000208       0x30 ./src/display.o
 .debug_aranges
                0x0000000000000238       0xe8 ./src/liblightmodbus-impl.o
 .debug_aranges
                0x0000000000000320       0x98 ./src/modbus.o
 .debug_aranges
                0x00000000000003b8       0xb0 ./src/oled.o
 .debug_aranges
                0x0000000000000468       0x38 ./src/sensor.o
 .debug_aranges
                0x00000000000004a0       0x58 ./src/sht35.o
 .debug_aranges
                0x00000000000004f8       0x98 ./src/storage.o
 .debug_aranges
                0x0000000000000590       0x20 ./src/uid.o
 .debug_aranges
                0x00000000000005b0       0x38 ./src/worktime.o
 .debug_aranges
                0x00000000000005e8       0x48 ./StdPeriphDriver/CH58x_gpio.o
 .debug_aranges
                0x0000000000000630       0xe8 ./StdPeriphDriver/CH58x_i2c.o
 .debug_aranges
                0x0000000000000718       0x88 ./StdPeriphDriver/CH58x_sys.o
 .debug_aranges
                0x00000000000007a0       0x38 ./StdPeriphDriver/CH58x_timer0.o
 .debug_aranges
                0x00000000000007d8       0x40 ./StdPeriphDriver/CH58x_timer2.o
 .debug_aranges
                0x0000000000000818       0x50 ./StdPeriphDriver/CH58x_uart1.o
 .debug_aranges
                0x0000000000000868       0x50 ./StdPeriphDriver/CH58x_uart3.o
 .debug_aranges
                0x00000000000008b8       0x30 ./Startup/startup_CH583.o

.debug_ranges   0x0000000000000000     0x1260
 .debug_ranges  0x0000000000000000       0xb0 ./src/utils/crc.o
 .debug_ranges  0x00000000000000b0       0x70 ./src/utils/log.o
 .debug_ranges  0x0000000000000120       0x20 ./src/modbus/coils.o
 .debug_ranges  0x0000000000000140       0x38 ./src/modbus/discrete_input.o
 .debug_ranges  0x0000000000000178       0x38 ./src/modbus/iregs.o
 .debug_ranges  0x00000000000001b0       0x58 ./src/modbus/regs.o
 .debug_ranges  0x0000000000000208       0x20 ./src/Main.o
 .debug_ranges  0x0000000000000228       0x10 ./src/appinfo.o
 .debug_ranges  0x0000000000000238       0x68 ./src/configtool.o
 .debug_ranges  0x00000000000002a0       0x38 ./src/display.o
 .debug_ranges  0x00000000000002d8      0x6a8 ./src/liblightmodbus-impl.o
 .debug_ranges  0x0000000000000980      0x130 ./src/modbus.o
 .debug_ranges  0x0000000000000ab0       0xf0 ./src/oled.o
 .debug_ranges  0x0000000000000ba0       0x28 ./src/sensor.o
 .debug_ranges  0x0000000000000bc8      0x170 ./src/sht35.o
 .debug_ranges  0x0000000000000d38      0x250 ./src/storage.o
 .debug_ranges  0x0000000000000f88       0x10 ./src/uid.o
 .debug_ranges  0x0000000000000f98       0x40 ./src/worktime.o
 .debug_ranges  0x0000000000000fd8       0x38 ./StdPeriphDriver/CH58x_gpio.o
 .debug_ranges  0x0000000000001010       0xd8 ./StdPeriphDriver/CH58x_i2c.o
 .debug_ranges  0x00000000000010e8       0x78 ./StdPeriphDriver/CH58x_sys.o
 .debug_ranges  0x0000000000001160       0x28 ./StdPeriphDriver/CH58x_timer0.o
 .debug_ranges  0x0000000000001188       0x30 ./StdPeriphDriver/CH58x_timer2.o
 .debug_ranges  0x00000000000011b8       0x40 ./StdPeriphDriver/CH58x_uart1.o
 .debug_ranges  0x00000000000011f8       0x40 ./StdPeriphDriver/CH58x_uart3.o
 .debug_ranges  0x0000000000001238       0x28 ./Startup/startup_CH583.o

.debug_line     0x0000000000000000     0xff7d
 .debug_line    0x0000000000000000      0xd2f ./src/utils/crc.o
 .debug_line    0x0000000000000d2f      0x687 ./src/utils/log.o
 .debug_line    0x00000000000013b6      0x3de ./src/modbus/coils.o
 .debug_line    0x0000000000001794      0x50e ./src/modbus/discrete_input.o
 .debug_line    0x0000000000001ca2      0x3cf ./src/modbus/iregs.o
 .debug_line    0x0000000000002071      0x8a3 ./src/modbus/regs.o
 .debug_line    0x0000000000002914      0x699 ./src/Main.o
 .debug_line    0x0000000000002fad      0x15c ./src/appinfo.o
 .debug_line    0x0000000000003109      0xa19 ./src/configtool.o
 .debug_line    0x0000000000003b22      0x60b ./src/display.o
 .debug_line    0x000000000000412d     0x2410 ./src/liblightmodbus-impl.o
 .debug_line    0x000000000000653d     0x1172 ./src/modbus.o
 .debug_line    0x00000000000076af     0x1501 ./src/oled.o
 .debug_line    0x0000000000008bb0      0x63e ./src/sensor.o
 .debug_line    0x00000000000091ee      0xcfb ./src/sht35.o
 .debug_line    0x0000000000009ee9     0x24c3 ./src/storage.o
 .debug_line    0x000000000000c3ac      0x273 ./src/uid.o
 .debug_line    0x000000000000c61f      0x384 ./src/worktime.o
 .debug_line    0x000000000000c9a3      0x704 ./StdPeriphDriver/CH58x_gpio.o
 .debug_line    0x000000000000d0a7      0xe88 ./StdPeriphDriver/CH58x_i2c.o
 .debug_line    0x000000000000df2f      0xc69 ./StdPeriphDriver/CH58x_sys.o
 .debug_line    0x000000000000eb98      0x360 ./StdPeriphDriver/CH58x_timer0.o
 .debug_line    0x000000000000eef8      0x410 ./StdPeriphDriver/CH58x_timer2.o
 .debug_line    0x000000000000f308      0x547 ./StdPeriphDriver/CH58x_uart1.o
 .debug_line    0x000000000000f84f      0x547 ./StdPeriphDriver/CH58x_uart3.o
 .debug_line    0x000000000000fd96      0x1e7 ./Startup/startup_CH583.o

.debug_str      0x0000000000000000     0x3c07
 .debug_str     0x0000000000000000      0x256 ./src/utils/crc.o
                                        0x2b5 (size before relaxing)
 .debug_str     0x0000000000000256      0x754 ./src/utils/log.o
                                        0x948 (size before relaxing)
 .debug_str     0x00000000000009aa      0xd36 ./src/modbus/coils.o
                                       0x1327 (size before relaxing)
 .debug_str     0x00000000000016e0       0xe4 ./src/modbus/discrete_input.o
                                       0x133f (size before relaxing)
 .debug_str     0x00000000000017c4      0x125 ./src/modbus/iregs.o
                                       0x1366 (size before relaxing)
 .debug_str     0x00000000000018e9      0x251 ./src/modbus/regs.o
                                       0x14c9 (size before relaxing)
 .debug_str     0x0000000000001b3a      0x3ef ./src/Main.o
                                       0x109a (size before relaxing)
 .debug_str     0x0000000000001f29       0x49 ./src/appinfo.o
                                        0x1e4 (size before relaxing)
 .debug_str     0x0000000000001f72      0x35d ./src/configtool.o
                                        0xc13 (size before relaxing)
 .debug_str     0x00000000000022cf       0xfe ./src/display.o
                                        0x69f (size before relaxing)
 .debug_str     0x00000000000023cd      0x472 ./src/liblightmodbus-impl.o
                                        0xe68 (size before relaxing)
 .debug_str     0x000000000000283f      0x46f ./src/modbus.o
                                       0x1c2f (size before relaxing)
 .debug_str     0x0000000000002cae      0x162 ./src/oled.o
                                        0xac3 (size before relaxing)
 .debug_str     0x0000000000002e10       0x9a ./src/sensor.o
                                       0x1580 (size before relaxing)
 .debug_str     0x0000000000002eaa      0x236 ./src/sht35.o
                                       0x124f (size before relaxing)
 .debug_str     0x00000000000030e0      0x33d ./src/storage.o
                                        0xcaf (size before relaxing)
 .debug_str     0x000000000000341d       0x16 ./src/uid.o
                                        0x841 (size before relaxing)
 .debug_str     0x0000000000003433       0x44 ./src/worktime.o
                                        0xaa4 (size before relaxing)
 .debug_str     0x0000000000003477       0xed ./StdPeriphDriver/CH58x_gpio.o
                                        0x9a8 (size before relaxing)
 .debug_str     0x0000000000003564      0x2d6 ./StdPeriphDriver/CH58x_i2c.o
                                        0xca9 (size before relaxing)
 .debug_str     0x000000000000383a      0x12a ./StdPeriphDriver/CH58x_sys.o
                                        0xc07 (size before relaxing)
 .debug_str     0x0000000000003964      0x111 ./StdPeriphDriver/CH58x_timer0.o
                                        0x957 (size before relaxing)
 .debug_str     0x0000000000003a75       0x99 ./StdPeriphDriver/CH58x_timer2.o
                                        0x9b2 (size before relaxing)
 .debug_str     0x0000000000003b0e       0x94 ./StdPeriphDriver/CH58x_uart1.o
                                        0x94d (size before relaxing)
 .debug_str     0x0000000000003ba2       0x3e ./StdPeriphDriver/CH58x_uart3.o
                                        0x94d (size before relaxing)
 .debug_str     0x0000000000003be0       0x27 ./Startup/startup_CH583.o
                                         0x43 (size before relaxing)

.comment        0x0000000000000000       0x33
 .comment       0x0000000000000000       0x33 ./src/utils/crc.o
                                         0x34 (size before relaxing)
 .comment       0x0000000000000033       0x34 ./src/utils/log.o
 .comment       0x0000000000000033       0x34 ./src/modbus/coils.o
 .comment       0x0000000000000033       0x34 ./src/modbus/discrete_input.o
 .comment       0x0000000000000033       0x34 ./src/modbus/iregs.o
 .comment       0x0000000000000033       0x34 ./src/modbus/regs.o
 .comment       0x0000000000000033       0x34 ./src/Main.o
 .comment       0x0000000000000033       0x34 ./src/appinfo.o
 .comment       0x0000000000000033       0x34 ./src/configtool.o
 .comment       0x0000000000000033       0x34 ./src/display.o
 .comment       0x0000000000000033       0x34 ./src/liblightmodbus-impl.o
 .comment       0x0000000000000033       0x34 ./src/modbus.o
 .comment       0x0000000000000033       0x34 ./src/oled.o
 .comment       0x0000000000000033       0x34 ./src/sensor.o
 .comment       0x0000000000000033       0x34 ./src/sht35.o
 .comment       0x0000000000000033       0x34 ./src/storage.o
 .comment       0x0000000000000033       0x34 ./src/uid.o
 .comment       0x0000000000000033       0x34 ./src/worktime.o
 .comment       0x0000000000000033       0x34 ./StdPeriphDriver/CH58x_gpio.o
 .comment       0x0000000000000033       0x34 ./StdPeriphDriver/CH58x_i2c.o
 .comment       0x0000000000000033       0x34 ./StdPeriphDriver/CH58x_sys.o
 .comment       0x0000000000000033       0x34 ./StdPeriphDriver/CH58x_timer0.o
 .comment       0x0000000000000033       0x34 ./StdPeriphDriver/CH58x_timer2.o
 .comment       0x0000000000000033       0x34 ./StdPeriphDriver/CH58x_uart1.o
 .comment       0x0000000000000033       0x34 ./StdPeriphDriver/CH58x_uart3.o
 .comment       0x0000000000000033       0x34 ../StdPeriphDriver\libISP583.a(ISP583.o)
 .comment       0x0000000000000033       0x34 c:/mounriver/mounriver_studio/toolchain/risc-v embedded gcc/bin/../lib/gcc/riscv-none-embed/8.2.0/../../../../riscv-none-embed/lib/rv32imac/ilp32\libprintfloat.a(printfloat.o)
 .comment       0x0000000000000033       0x34 c:/mounriver/mounriver_studio/toolchain/risc-v embedded gcc/bin/../lib/gcc/riscv-none-embed/8.2.0/../../../../riscv-none-embed/lib/rv32imac/ilp32\libprintf.a(wchprintf.o)

.debug_frame    0x0000000000000000     0x2a24
 .debug_frame   0x0000000000000000      0x174 ./src/utils/crc.o
 .debug_frame   0x0000000000000174       0xc4 ./src/utils/log.o
 .debug_frame   0x0000000000000238       0x54 ./src/modbus/coils.o
 .debug_frame   0x000000000000028c       0x40 ./src/modbus/discrete_input.o
 .debug_frame   0x00000000000002cc       0x40 ./src/modbus/iregs.o
 .debug_frame   0x000000000000030c       0xbc ./src/modbus/regs.o
 .debug_frame   0x00000000000003c8       0x78 ./src/Main.o
 .debug_frame   0x0000000000000440       0x20 ./src/appinfo.o
 .debug_frame   0x0000000000000460      0x16c ./src/configtool.o
 .debug_frame   0x00000000000005cc       0x84 ./src/display.o
 .debug_frame   0x0000000000000650      0x360 ./src/liblightmodbus-impl.o
 .debug_frame   0x00000000000009b0      0x1dc ./src/modbus.o
 .debug_frame   0x0000000000000b8c      0x308 ./src/oled.o
 .debug_frame   0x0000000000000e94       0x90 ./src/sensor.o
 .debug_frame   0x0000000000000f24      0x114 ./src/sht35.o
 .debug_frame   0x0000000000001038      0x328 ./src/storage.o
 .debug_frame   0x0000000000001360       0x2c ./src/uid.o
 .debug_frame   0x000000000000138c       0x5c ./src/worktime.o
 .debug_frame   0x00000000000013e8       0x70 ./StdPeriphDriver/CH58x_gpio.o
 .debug_frame   0x0000000000001458      0x1f4 ./StdPeriphDriver/CH58x_i2c.o
 .debug_frame   0x000000000000164c      0x114 ./StdPeriphDriver/CH58x_sys.o
 .debug_frame   0x0000000000001760       0x50 ./StdPeriphDriver/CH58x_timer0.o
 .debug_frame   0x00000000000017b0       0x60 ./StdPeriphDriver/CH58x_timer2.o
 .debug_frame   0x0000000000001810       0x9c ./StdPeriphDriver/CH58x_uart1.o
 .debug_frame   0x00000000000018ac       0x9c ./StdPeriphDriver/CH58x_uart3.o
 .debug_frame   0x0000000000001948       0x50 c:/mounriver/mounriver_studio/toolchain/risc-v embedded gcc/bin/../lib/gcc/riscv-none-embed/8.2.0/rv32imac/ilp32\libgcc.a(divdf3.o)
 .debug_frame   0x0000000000001998       0x54 c:/mounriver/mounriver_studio/toolchain/risc-v embedded gcc/bin/../lib/gcc/riscv-none-embed/8.2.0/rv32imac/ilp32\libgcc.a(muldf3.o)
 .debug_frame   0x00000000000019ec       0x44 c:/mounriver/mounriver_studio/toolchain/risc-v embedded gcc/bin/../lib/gcc/riscv-none-embed/8.2.0/rv32imac/ilp32\libgcc.a(subdf3.o)
 .debug_frame   0x0000000000001a30       0x20 c:/mounriver/mounriver_studio/toolchain/risc-v embedded gcc/bin/../lib/gcc/riscv-none-embed/8.2.0/rv32imac/ilp32\libgcc.a(fixdfsi.o)
 .debug_frame   0x0000000000001a50       0x38 c:/mounriver/mounriver_studio/toolchain/risc-v embedded gcc/bin/../lib/gcc/riscv-none-embed/8.2.0/rv32imac/ilp32\libgcc.a(floatsidf.o)
 .debug_frame   0x0000000000001a88       0x20 c:/mounriver/mounriver_studio/toolchain/risc-v embedded gcc/bin/../lib/gcc/riscv-none-embed/8.2.0/rv32imac/ilp32\libgcc.a(fixdfdi.o)
 .debug_frame   0x0000000000001aa8       0x40 c:/mounriver/mounriver_studio/toolchain/risc-v embedded gcc/bin/../lib/gcc/riscv-none-embed/8.2.0/rv32imac/ilp32\libgcc.a(floatdidf.o)
 .debug_frame   0x0000000000001ae8       0x38 c:/mounriver/mounriver_studio/toolchain/risc-v embedded gcc/bin/../lib/gcc/riscv-none-embed/8.2.0/rv32imac/ilp32\libgcc.a(extendsfdf2.o)
 .debug_frame   0x0000000000001b20       0x20 c:/mounriver/mounriver_studio/toolchain/risc-v embedded gcc/bin/../lib/gcc/riscv-none-embed/8.2.0/rv32imac/ilp32\libgcc.a(truncdfsf2.o)
 .debug_frame   0x0000000000001b40       0x20 c:/mounriver/mounriver_studio/toolchain/risc-v embedded gcc/bin/../lib/gcc/riscv-none-embed/8.2.0/rv32imac/ilp32\libgcc.a(_clzsi2.o)
 .debug_frame   0x0000000000001b60       0x78 c:/mounriver/mounriver_studio/toolchain/risc-v embedded gcc/bin/../lib/gcc/riscv-none-embed/8.2.0/../../../../riscv-none-embed/lib/rv32imac/ilp32\libg_nano.a(lib_a-locale.o)
 .debug_frame   0x0000000000001bd8       0x38 c:/mounriver/mounriver_studio/toolchain/risc-v embedded gcc/bin/../lib/gcc/riscv-none-embed/8.2.0/../../../../riscv-none-embed/lib/rv32imac/ilp32\libg_nano.a(lib_a-mbtowc_r.o)